17:30:57 **** Build of project testharness_bsp ****
make -k all 
Running Make include in microblaze_0/libsrc/tmrctr_v4_5/src
make -C microblaze_0/libsrc/tmrctr_v4_5/src -s include  "SHELL=/bin/sh" "COMPILER=mb-gcc" "ARCHIVER=mb-ar" "COMPILER_FLAGS=  -O2 -c -mcpu=v11.0 -mlittle-endian -mno-xl-soft-mul -mxl-barrel-shift -mxl-pattern-compare" "EXTRA_COMPILER_FLAGS=-ffunction-sections -fdata-sections -Wall -Wextra"
Running Make include in microblaze_0/libsrc/standalone_v6_8/src
make -C microblaze_0/libsrc/standalone_v6_8/src -s include  "SHELL=/bin/sh" "COMPILER=mb-gcc" "ARCHIVER=mb-ar" "COMPILER_FLAGS=  -O2 -c -mcpu=v11.0 -mlittle-endian -mno-xl-soft-mul -mxl-barrel-shift -mxl-pattern-compare" "EXTRA_COMPILER_FLAGS=-ffunction-sections -fdata-sections -Wall -Wextra"
Running Make include in microblaze_0/libsrc/ethernetcore_mm_v1_0/src
make -C microblaze_0/libsrc/ethernetcore_mm_v1_0/src -s include  "SHELL=/bin/sh" "COMPILER=mb-gcc" "ARCHIVER=mb-ar" "COMPILER_FLAGS=  -O2 -c -mcpu=v11.0 -mlittle-endian -mno-xl-soft-mul -mxl-barrel-shift -mxl-pattern-compare" "EXTRA_COMPILER_FLAGS=-ffunction-sections -fdata-sections -Wall -Wextra"
Running Make include in microblaze_0/libsrc/uartlite_v3_2/src
make -C microblaze_0/libsrc/uartlite_v3_2/src -s include  "SHELL=/bin/sh" "COMPILER=mb-gcc" "ARCHIVER=mb-ar" "COMPILER_FLAGS=  -O2 -c -mcpu=v11.0 -mlittle-endian -mno-xl-soft-mul -mxl-barrel-shift -mxl-pattern-compare" "EXTRA_COMPILER_FLAGS=-ffunction-sections -fdata-sections -Wall -Wextra"
Running Make include in microblaze_0/libsrc/bram_v4_2/src
make -C microblaze_0/libsrc/bram_v4_2/src -s include  "SHELL=/bin/sh" "COMPILER=mb-gcc" "ARCHIVER=mb-ar" "COMPILER_FLAGS=  -O2 -c -mcpu=v11.0 -mlittle-endian -mno-xl-soft-mul -mxl-barrel-shift -mxl-pattern-compare" "EXTRA_COMPILER_FLAGS=-ffunction-sections -fdata-sections -Wall -Wextra"
Running Make include in microblaze_0/libsrc/cpu_v2_8/src
make -C microblaze_0/libsrc/cpu_v2_8/src -s include  "SHELL=/bin/sh" "COMPILER=mb-gcc" "ARCHIVER=mb-ar" "COMPILER_FLAGS=  -O2 -c -mcpu=v11.0 -mlittle-endian -mno-xl-soft-mul -mxl-barrel-shift -mxl-pattern-compare" "EXTRA_COMPILER_FLAGS=-ffunction-sections -fdata-sections -Wall -Wextra"
Running Make include in microblaze_0/libsrc/intc_v3_8/src
make -C microblaze_0/libsrc/intc_v3_8/src -s include  "SHELL=/bin/sh" "COMPILER=mb-gcc" "ARCHIVER=mb-ar" "COMPILER_FLAGS=  -O2 -c -mcpu=v11.0 -mlittle-endian -mno-xl-soft-mul -mxl-barrel-shift -mxl-pattern-compare" "EXTRA_COMPILER_FLAGS=-ffunction-sections -fdata-sections -Wall -Wextra"
Running Make include in microblaze_0/libsrc/wdttb_v4_3/src
make -C microblaze_0/libsrc/wdttb_v4_3/src -s include  "SHELL=/bin/sh" "COMPILER=mb-gcc" "ARCHIVER=mb-ar" "COMPILER_FLAGS=  -O2 -c -mcpu=v11.0 -mlittle-endian -mno-xl-soft-mul -mxl-barrel-shift -mxl-pattern-compare" "EXTRA_COMPILER_FLAGS=-ffunction-sections -fdata-sections -Wall -Wextra"
Running Make libs in microblaze_0/libsrc/tmrctr_v4_5/src
make -C microblaze_0/libsrc/tmrctr_v4_5/src -s libs  "SHELL=/bin/sh" "COMPILER=mb-gcc" "ARCHIVER=mb-ar" "COMPILER_FLAGS=  -O2 -c -mcpu=v11.0 -mlittle-endian -mno-xl-soft-mul -mxl-barrel-shift -mxl-pattern-compare" "EXTRA_COMPILER_FLAGS=-ffunction-sections -fdata-sections -Wall -Wextra"
Compiling tmrctr
mb-ar: creating ../../../lib/libxil.a
Running Make libs in microblaze_0/libsrc/standalone_v6_8/src
make -C microblaze_0/libsrc/standalone_v6_8/src -s libs  "SHELL=/bin/sh" "COMPILER=mb-gcc" "ARCHIVER=mb-ar" "COMPILER_FLAGS=  -O2 -c -mcpu=v11.0 -mlittle-endian -mno-xl-soft-mul -mxl-barrel-shift -mxl-pattern-compare" "EXTRA_COMPILER_FLAGS=-ffunction-sections -fdata-sections -Wall -Wextra"
Compiling standalone
microblaze_sleep.c:77:9: note: #pragma message: For the sleep routines, assembly instructions are used
 #pragma message ("For the sleep routines, assembly instructions are used")
         ^~~~~~~
Running Make libs in microblaze_0/libsrc/ethernetcore_mm_v1_0/src
make -C microblaze_0/libsrc/ethernetcore_mm_v1_0/src -s libs  "SHELL=/bin/sh" "COMPILER=mb-gcc" "ARCHIVER=mb-ar" "COMPILER_FLAGS=  -O2 -c -mcpu=v11.0 -mlittle-endian -mno-xl-soft-mul -mxl-barrel-shift -mxl-pattern-compare" "EXTRA_COMPILER_FLAGS=-ffunction-sections -fdata-sections -Wall -Wextra"
Compiling ethernetcore_mm...
ethernetcore_mm_selftest.c: In function 'ETHERNETCORE_MM_Reg_SelfTest':
ethernetcore_mm_selftest.c:52:64: warning: comparison between signed and unsigned integer expressions [-Wsign-compare]
    if ( ETHERNETCORE_MM_mReadReg (baseaddr, read_loop_index*4) != (read_loop_index+1)*READ_WRITE_MUL_FACTOR){
                                                                ^~
ethernetcore_mm_selftest.c:36:6: warning: unused variable 'Index' [-Wunused-variable]
  int Index;
      ^~~~~
Running Make libs in microblaze_0/libsrc/uartlite_v3_2/src
make -C microblaze_0/libsrc/uartlite_v3_2/src -s libs  "SHELL=/bin/sh" "COMPILER=mb-gcc" "ARCHIVER=mb-ar" "COMPILER_FLAGS=  -O2 -c -mcpu=v11.0 -mlittle-endian -mno-xl-soft-mul -mxl-barrel-shift -mxl-pattern-compare" "EXTRA_COMPILER_FLAGS=-ffunction-sections -fdata-sections -Wall -Wextra"
Compiling uartlite
Running Make libs in microblaze_0/libsrc/bram_v4_2/src
make -C microblaze_0/libsrc/bram_v4_2/src -s libs  "SHELL=/bin/sh" "COMPILER=mb-gcc" "ARCHIVER=mb-ar" "COMPILER_FLAGS=  -O2 -c -mcpu=v11.0 -mlittle-endian -mno-xl-soft-mul -mxl-barrel-shift -mxl-pattern-compare" "EXTRA_COMPILER_FLAGS=-ffunction-sections -fdata-sections -Wall -Wextra"
Compiling bram
Running Make libs in microblaze_0/libsrc/cpu_v2_8/src
make -C microblaze_0/libsrc/cpu_v2_8/src -s libs  "SHELL=/bin/sh" "COMPILER=mb-gcc" "ARCHIVER=mb-ar" "COMPILER_FLAGS=  -O2 -c -mcpu=v11.0 -mlittle-endian -mno-xl-soft-mul -mxl-barrel-shift -mxl-pattern-compare" "EXTRA_COMPILER_FLAGS=-ffunction-sections -fdata-sections -Wall -Wextra"
Compiling cpu
Running Make libs in microblaze_0/libsrc/intc_v3_8/src
make -C microblaze_0/libsrc/intc_v3_8/src -s libs  "SHELL=/bin/sh" "COMPILER=mb-gcc" "ARCHIVER=mb-ar" "COMPILER_FLAGS=  -O2 -c -mcpu=v11.0 -mlittle-endian -mno-xl-soft-mul -mxl-barrel-shift -mxl-pattern-compare" "EXTRA_COMPILER_FLAGS=-ffunction-sections -fdata-sections -Wall -Wextra"
Compiling intc
Running Make libs in microblaze_0/libsrc/wdttb_v4_3/src
make -C microblaze_0/libsrc/wdttb_v4_3/src -s libs  "SHELL=/bin/sh" "COMPILER=mb-gcc" "ARCHIVER=mb-ar" "COMPILER_FLAGS=  -O2 -c -mcpu=v11.0 -mlittle-endian -mno-xl-soft-mul -mxl-barrel-shift -mxl-pattern-compare" "EXTRA_COMPILER_FLAGS=-ffunction-sections -fdata-sections -Wall -Wextra"
Compiling wdttb
In file included from xwdttb.h:169:0,
                 from xwdttb.c:83:
xwdttb.c: In function 'XWdtTb_ProgramWDTWidth':
../../../include/xil_assert.h:108:9: warning: 'return' with no value, in function returning non-void
         return;                                    \
         ^
xwdttb.c:1228:2: note: in expansion of macro 'Xil_AssertVoid'
  Xil_AssertVoid(InstancePtr != NULL);
  ^~~~~~~~~~~~~~
xwdttb.c:1225:5: note: declared here
 u32 XWdtTb_ProgramWDTWidth(XWdtTb *InstancePtr, u32 width)
     ^~~~~~~~~~~~~~~~~~~~~~
Finished building libraries
17:31:00 **** Build of configuration Debug for project testharness ****
make all 
Building file: ../src/helloworld.c
Invoking: MicroBlaze gcc compiler
mb-gcc -Wall -O0 -g3 -c -fmessage-length=0 -MT"src/helloworld.o" -I../../testharness_bsp/microblaze_0/include -mlittle-endian -mxl-barrel-shift -mxl-pattern-compare -mcpu=v11.0 -mno-xl-soft-mul -Wl,--no-relax -ffunction-sections -fdata-sections -MMD -MP -MF"src/helloworld.d" -MT"src/helloworld.o" -o "src/helloworld.o" "../src/helloworld.c"
Finished building: ../src/helloworld.c
 
Building file: ../src/platform.c
Invoking: MicroBlaze gcc compiler
mb-gcc -Wall -O0 -g3 -c -fmessage-length=0 -MT"src/platform.o" -I../../testharness_bsp/microblaze_0/include -mlittle-endian -mxl-barrel-shift -mxl-pattern-compare -mcpu=v11.0 -mno-xl-soft-mul -Wl,--no-relax -ffunction-sections -fdata-sections -MMD -MP -MF"src/platform.d" -MT"src/platform.o" -o "src/platform.o" "../src/platform.c"
Finished building: ../src/platform.c
 
Building target: testharness.elf
Invoking: MicroBlaze gcc linker
mb-gcc -Wl,-T -Wl,../src/lscript.ld -L../../testharness_bsp/microblaze_0/lib -mlittle-endian -mxl-barrel-shift -mxl-pattern-compare -mcpu=v11.0 -mno-xl-soft-mul -Wl,--no-relax -Wl,--gc-sections -o "testharness.elf"  ./src/helloworld.o ./src/platform.o   -Wl,--start-group,-lxil,-lgcc,-lc,--end-group
Finished building target: testharness.elf
 
Invoking: MicroBlaze Print Size
mb-size testharness.elf  |tee "testharness.elf.size"
   text	   data	    bss	    dec	    hex	filename
   2970	    420	   3114	   6504	   1968	testharness.elf
Finished building: testharness.elf.size
 
17:31:01 **** Auto Build of configuration Debug for project testharness ****
make all 
make: Nothing to be done for 'all'.
17:31:13 **** Clean-only build of configuration Debug for project testharness ****
make clean 
rm -rf  ./src/helloworld.o ./src/platform.o  ./src/helloworld.d ./src/platform.d  testharness.elf.size  testharness.elf
 
17:31:13 **** Auto Build of configuration Debug for project testharness ****
make all 
Building file: ../src/platform.c
Invoking: MicroBlaze gcc compiler
mb-gcc -Wall -O0 -g3 -c -fmessage-length=0 -MT"src/platform.o" -I../../testharness_bsp/microblaze_0/include -mlittle-endian -mxl-barrel-shift -mxl-pattern-compare -mcpu=v11.0 -mno-xl-soft-mul -Wl,--no-relax -ffunction-sections -fdata-sections -MMD -MP -MF"src/platform.d" -MT"src/platform.o" -o "src/platform.o" "../src/platform.c"
Finished building: ../src/platform.c
 
Building file: ../src/testharness.c
Invoking: MicroBlaze gcc compiler
mb-gcc -Wall -O0 -g3 -c -fmessage-length=0 -MT"src/testharness.o" -I../../testharness_bsp/microblaze_0/include -mlittle-endian -mxl-barrel-shift -mxl-pattern-compare -mcpu=v11.0 -mno-xl-soft-mul -Wl,--no-relax -ffunction-sections -fdata-sections -MMD -MP -MF"src/testharness.d" -MT"src/testharness.o" -o "src/testharness.o" "../src/testharness.c"
Finished building: ../src/testharness.c
 
Building target: testharness.elf
Invoking: MicroBlaze gcc linker
mb-gcc -Wl,-T -Wl,../src/lscript.ld -L../../testharness_bsp/microblaze_0/lib -mlittle-endian -mxl-barrel-shift -mxl-pattern-compare -mcpu=v11.0 -mno-xl-soft-mul -Wl,--no-relax -Wl,--gc-sections -o "testharness.elf"  ./src/platform.o ./src/testharness.o   -Wl,--start-group,-lxil,-lgcc,-lc,--end-group
Finished building target: testharness.elf
 
Invoking: MicroBlaze Print Size
mb-size testharness.elf  |tee "testharness.elf.size"
   text	   data	    bss	    dec	    hex	filename
   2970	    420	   3114	   6504	   1968	testharness.elf
Finished building: testharness.elf.size
 
17:31:32 **** Auto Build of configuration Debug for project testharness ****
make all 
Building file: ../src/testharness.c
Invoking: MicroBlaze gcc compiler
mb-gcc -Wall -O0 -g3 -c -fmessage-length=0 -MT"src/testharness.o" -I../../testharness_bsp/microblaze_0/include -mlittle-endian -mxl-barrel-shift -mxl-pattern-compare -mcpu=v11.0 -mno-xl-soft-mul -Wl,--no-relax -ffunction-sections -fdata-sections -MMD -MP -MF"src/testharness.d" -MT"src/testharness.o" -o "src/testharness.o" "../src/testharness.c"
Finished building: ../src/testharness.c
 
Building target: testharness.elf
Invoking: MicroBlaze gcc linker
mb-gcc -Wl,-T -Wl,../src/lscript.ld -L../../testharness_bsp/microblaze_0/lib -mlittle-endian -mxl-barrel-shift -mxl-pattern-compare -mcpu=v11.0 -mno-xl-soft-mul -Wl,--no-relax -Wl,--gc-sections -o "testharness.elf"  ./src/platform.o ./src/testharness.o   -Wl,--start-group,-lxil,-lgcc,-lc,--end-group
Finished building target: testharness.elf
 
Invoking: MicroBlaze Print Size
mb-size testharness.elf  |tee "testharness.elf.size"
   text	   data	    bss	    dec	    hex	filename
   2970	    420	   3114	   6504	   1968	testharness.elf
Finished building: testharness.elf.size
 
17:32:01 **** Auto Build of configuration Debug for project testharness ****
make all 
make: Nothing to be done for 'all'.
17:32:43 **** Auto Build of configuration Debug for project testharness ****
make all 
Building file: ../src/testharness.c
Invoking: MicroBlaze gcc compiler
mb-gcc -Wall -O0 -g3 -c -fmessage-length=0 -MT"src/testharness.o" -I../../testharness_bsp/microblaze_0/include -mlittle-endian -mxl-barrel-shift -mxl-pattern-compare -mcpu=v11.0 -mno-xl-soft-mul -Wl,--no-relax -ffunction-sections -fdata-sections -MMD -MP -MF"src/testharness.d" -MT"src/testharness.o" -o "src/testharness.o" "../src/testharness.c"
../src/testharness.c: In function 'main':
../src/testharness.c:55:6: warning: unused variable 'xData' [-Wunused-variable]
  u32 xData;
      ^~~~~
Finished building: ../src/testharness.c
 
Building file: ../src/ethmacdriver_l.c
Invoking: MicroBlaze gcc compiler
mb-gcc -Wall -O0 -g3 -c -fmessage-length=0 -MT"src/ethmacdriver_l.o" -I../../testharness_bsp/microblaze_0/include -mlittle-endian -mxl-barrel-shift -mxl-pattern-compare -mcpu=v11.0 -mno-xl-soft-mul -Wl,--no-relax -ffunction-sections -fdata-sections -MMD -MP -MF"src/ethmacdriver_l.d" -MT"src/ethmacdriver_l.o" -o "src/ethmacdriver_l.o" "../src/ethmacdriver_l.c"
Finished building: ../src/ethmacdriver_l.c
 
Building target: testharness.elf
Invoking: MicroBlaze gcc linker
mb-gcc -Wl,-T -Wl,../src/lscript.ld -L../../testharness_bsp/microblaze_0/lib -mlittle-endian -mxl-barrel-shift -mxl-pattern-compare -mcpu=v11.0 -mno-xl-soft-mul -Wl,--no-relax -Wl,--gc-sections -o "testharness.elf"  ./src/ethmacdriver_l.o ./src/platform.o ./src/testharness.o   -Wl,--start-group,-lxil,-lgcc,-lc,--end-group
Finished building target: testharness.elf
 
Invoking: MicroBlaze Print Size
mb-size testharness.elf  |tee "testharness.elf.size"
   text	   data	    bss	    dec	    hex	filename
   3978	    420	   3114	   7512	   1d58	testharness.elf
Finished building: testharness.elf.size
 
17:32:50 **** Auto Build of configuration Debug for project testharness ****
make all 
Building file: ../src/testharness.c
Invoking: MicroBlaze gcc compiler
mb-gcc -Wall -O0 -g3 -c -fmessage-length=0 -MT"src/testharness.o" -I../../testharness_bsp/microblaze_0/include -mlittle-endian -mxl-barrel-shift -mxl-pattern-compare -mcpu=v11.0 -mno-xl-soft-mul -Wl,--no-relax -ffunction-sections -fdata-sections -MMD -MP -MF"src/testharness.d" -MT"src/testharness.o" -o "src/testharness.o" "../src/testharness.c"
../src/testharness.c: In function 'main':
../src/testharness.c:67:1: error: unknown type name 'f'
 f
 ^
In file included from ../../testharness_bsp/microblaze_0/include/xil_printf.h:12:0,
src/subdir.mk:27: recipe for target 'src/testharness.o' failed
                 from ../src/testharness.c:50:
../../testharness_bsp/microblaze_0/include/xparameters.h:556:49: error: expected declaration specifiers or '...' before numeric constant
 #define XPAR_ETHERNETCORE_MM_0_S00_AXI_BASEADDR 0x44A00000
                                                 ^
../src/testharness.c:70:38: note: in expansion of macro 'XPAR_ETHERNETCORE_MM_0_S00_AXI_BASEADDR'
     XGMAC_EnableXGMACPromiscuousMode(XPAR_ETHERNETCORE_MM_0_S00_AXI_BASEADDR);
                                      ^
../src/testharness.c:55:6: warning: unused variable 'xData' [-Wunused-variable]
  u32 xData;
      ^~~~~
make: *** [src/testharness.o] Error 1
17:32:52 **** Auto Build of configuration Debug for project testharness ****
make all 
Building file: ../src/testharness.c
Invoking: MicroBlaze gcc compiler
mb-gcc -Wall -O0 -g3 -c -fmessage-length=0 -MT"src/testharness.o" -I../../testharness_bsp/microblaze_0/include -mlittle-endian -mxl-barrel-shift -mxl-pattern-compare -mcpu=v11.0 -mno-xl-soft-mul -Wl,--no-relax -ffunction-sections -fdata-sections -MMD -MP -MF"src/testharness.d" -MT"src/testharness.o" -o "src/testharness.o" "../src/testharness.c"
../src/testharness.c: In function 'main':
../src/testharness.c:55:6: warning: unused variable 'xData' [-Wunused-variable]
  u32 xData;
      ^~~~~
Finished building: ../src/testharness.c
 
Building target: testharness.elf
Invoking: MicroBlaze gcc linker
mb-gcc -Wl,-T -Wl,../src/lscript.ld -L../../testharness_bsp/microblaze_0/lib -mlittle-endian -mxl-barrel-shift -mxl-pattern-compare -mcpu=v11.0 -mno-xl-soft-mul -Wl,--no-relax -Wl,--gc-sections -o "testharness.elf"  ./src/ethmacdriver_l.o ./src/platform.o ./src/testharness.o   -Wl,--start-group,-lxil,-lgcc,-lc,--end-group
Finished building target: testharness.elf
 
Invoking: MicroBlaze Print Size
mb-size testharness.elf  |tee "testharness.elf.size"
   text	   data	    bss	    dec	    hex	filename
   3978	    420	   3114	   7512	   1d58	testharness.elf
Finished building: testharness.elf.size
 
17:35:12 **** Incremental Build of configuration Debug for project testharness ****
make all 
make: Nothing to be done for 'all'.
17:50:43 **** Incremental Build of configuration Debug for project testharness ****
make all 
make: Nothing to be done for 'all'.
18:42:24 **** Incremental Build of configuration Debug for project testharness ****
make all 
make: Nothing to be done for 'all'.
18:43:35 **** Incremental Build of configuration Debug for project testharness ****
make all 
make: Nothing to be done for 'all'.
20:02:05 **** Auto Build of configuration Debug for project testharness ****
make all 
Building file: ../src/ethmacdriver_l.c
Invoking: MicroBlaze gcc compiler
mb-gcc -Wall -O0 -g3 -c -fmessage-length=0 -MT"src/ethmacdriver_l.o" -I../../testharness_bsp/microblaze_0/include -mlittle-endian -mxl-barrel-shift -mxl-pattern-compare -mcpu=v11.0 -mno-xl-soft-mul -Wl,--no-relax -ffunction-sections -fdata-sections -MMD -MP -MF"src/ethmacdriver_l.d" -MT"src/ethmacdriver_l.o" -o "src/ethmacdriver_l.o" "../src/ethmacdriver_l.c"
Finished building: ../src/ethmacdriver_l.c
 
Building file: ../src/testharness.c
Invoking: MicroBlaze gcc compiler
mb-gcc -Wall -O0 -g3 -c -fmessage-length=0 -MT"src/testharness.o" -I../../testharness_bsp/microblaze_0/include -mlittle-endian -mxl-barrel-shift -mxl-pattern-compare -mcpu=v11.0 -mno-xl-soft-mul -Wl,--no-relax -ffunction-sections -fdata-sections -MMD -MP -MF"src/testharness.d" -MT"src/testharness.o" -o "src/testharness.o" "../src/testharness.c"
../src/testharness.c: In function 'main':
../src/testharness.c:55:6: warning: unused variable 'xData' [-Wunused-variable]
  u32 xData;
      ^~~~~
Finished building: ../src/testharness.c
 
Building target: testharness.elf
Invoking: MicroBlaze gcc linker
mb-gcc -Wl,-T -Wl,../src/lscript.ld -L../../testharness_bsp/microblaze_0/lib -mlittle-endian -mxl-barrel-shift -mxl-pattern-compare -mcpu=v11.0 -mno-xl-soft-mul -Wl,--no-relax -Wl,--gc-sections -o "testharness.elf"  ./src/ethmacdriver_l.o ./src/platform.o ./src/testharness.o   -Wl,--start-group,-lxil,-lgcc,-lc,--end-group
Finished building target: testharness.elf
 
Invoking: MicroBlaze Print Size
mb-size testharness.elf  |tee "testharness.elf.size"
   text	   data	    bss	    dec	    hex	filename
   3978	    420	   3114	   7512	   1d58	testharness.elf
Finished building: testharness.elf.size
 
07:58:34 **** Auto Build of configuration Debug for project testharness ****
make all 
Building file: ../src/ethmacdriver_l.c
Invoking: MicroBlaze gcc compiler
mb-gcc -Wall -O0 -g3 -c -fmessage-length=0 -MT"src/ethmacdriver_l.o" -I../../testharness_bsp/microblaze_0/include -mlittle-endian -mxl-barrel-shift -mxl-pattern-compare -mcpu=v11.0 -mno-xl-soft-mul -Wl,--no-relax -ffunction-sections -fdata-sections -MMD -MP -MF"src/ethmacdriver_l.d" -MT"src/ethmacdriver_l.o" -o "src/ethmacdriver_l.o" "../src/ethmacdriver_l.c"
Finished building: ../src/ethmacdriver_l.c
 
Building target: testharness.elf
Invoking: MicroBlaze gcc linker
mb-gcc -Wl,-T -Wl,../src/lscript.ld -L../../testharness_bsp/microblaze_0/lib -mlittle-endian -mxl-barrel-shift -mxl-pattern-compare -mcpu=v11.0 -mno-xl-soft-mul -Wl,--no-relax -Wl,--gc-sections -o "testharness.elf"  ./src/ethmacdriver_l.o ./src/platform.o ./src/testharness.o   -Wl,--start-group,-lxil,-lgcc,-lc,--end-group
Finished building target: testharness.elf
 
Invoking: MicroBlaze Print Size
mb-size testharness.elf  |tee "testharness.elf.size"
   text	   data	    bss	    dec	    hex	filename
   3978	    420	   3114	   7512	   1d58	testharness.elf
Finished building: testharness.elf.size
 
08:00:04 **** Auto Build of configuration Debug for project testharness ****
make all 
Building file: ../src/ethmacdriver_l.c
Invoking: MicroBlaze gcc compiler
mb-gcc -Wall -O0 -g3 -c -fmessage-length=0 -MT"src/ethmacdriver_l.o" -I../../testharness_bsp/microblaze_0/include -mlittle-endian -mxl-barrel-shift -mxl-pattern-compare -mcpu=v11.0 -mno-xl-soft-mul -Wl,--no-relax -ffunction-sections -fdata-sections -MMD -MP -MF"src/ethmacdriver_l.d" -MT"src/ethmacdriver_l.o" -o "src/ethmacdriver_l.o" "../src/ethmacdriver_l.c"
Finished building: ../src/ethmacdriver_l.c
 
Building file: ../src/testharness.c
Invoking: MicroBlaze gcc compiler
mb-gcc -Wall -O0 -g3 -c -fmessage-length=0 -MT"src/testharness.o" -I../../testharness_bsp/microblaze_0/include -mlittle-endian -mxl-barrel-shift -mxl-pattern-compare -mcpu=v11.0 -mno-xl-soft-mul -Wl,--no-relax -ffunction-sections -fdata-sections -MMD -MP -MF"src/testharness.d" -MT"src/testharness.o" -o "src/testharness.o" "../src/testharness.c"
../src/testharness.c: In function 'main':
../src/testharness.c:55:6: warning: unused variable 'xData' [-Wunused-variable]
  u32 xData;
      ^~~~~
Finished building: ../src/testharness.c
 
Building target: testharness.elf
Invoking: MicroBlaze gcc linker
mb-gcc -Wl,-T -Wl,../src/lscript.ld -L../../testharness_bsp/microblaze_0/lib -mlittle-endian -mxl-barrel-shift -mxl-pattern-compare -mcpu=v11.0 -mno-xl-soft-mul -Wl,--no-relax -Wl,--gc-sections -o "testharness.elf"  ./src/ethmacdriver_l.o ./src/platform.o ./src/testharness.o   -Wl,--start-group,-lxil,-lgcc,-lc,--end-group
Finished building target: testharness.elf
 
Invoking: MicroBlaze Print Size
mb-size testharness.elf  |tee "testharness.elf.size"
   text	   data	    bss	    dec	    hex	filename
   3978	    420	   3114	   7512	   1d58	testharness.elf
Finished building: testharness.elf.size
 
08:00:13 **** Auto Build of configuration Debug for project testharness ****
make all 
Building file: ../src/ethmacdriver_l.c
Invoking: MicroBlaze gcc compiler
mb-gcc -Wall -O0 -g3 -c -fmessage-length=0 -MT"src/ethmacdriver_l.o" -I../../testharness_bsp/microblaze_0/include -mlittle-endian -mxl-barrel-shift -mxl-pattern-compare -mcpu=v11.0 -mno-xl-soft-mul -Wl,--no-relax -ffunction-sections -fdata-sections -MMD -MP -MF"src/ethmacdriver_l.d" -MT"src/ethmacdriver_l.o" -o "src/ethmacdriver_l.o" "../src/ethmacdriver_l.c"
Finished building: ../src/ethmacdriver_l.c
 
Building target: testharness.elf
Invoking: MicroBlaze gcc linker
mb-gcc -Wl,-T -Wl,../src/lscript.ld -L../../testharness_bsp/microblaze_0/lib -mlittle-endian -mxl-barrel-shift -mxl-pattern-compare -mcpu=v11.0 -mno-xl-soft-mul -Wl,--no-relax -Wl,--gc-sections -o "testharness.elf"  ./src/ethmacdriver_l.o ./src/platform.o ./src/testharness.o   -Wl,--start-group,-lxil,-lgcc,-lc,--end-group
Finished building target: testharness.elf
 
Invoking: MicroBlaze Print Size
mb-size testharness.elf  |tee "testharness.elf.size"
   text	   data	    bss	    dec	    hex	filename
   3978	    420	   3114	   7512	   1d58	testharness.elf
Finished building: testharness.elf.size
 
08:00:19 **** Auto Build of configuration Debug for project testharness ****
make all 
Building file: ../src/ethmacdriver_l.c
Invoking: MicroBlaze gcc compiler
mb-gcc -Wall -O0 -g3 -c -fmessage-length=0 -MT"src/ethmacdriver_l.o" -I../../testharness_bsp/microblaze_0/include -mlittle-endian -mxl-barrel-shift -mxl-pattern-compare -mcpu=v11.0 -mno-xl-soft-mul -Wl,--no-relax -ffunction-sections -fdata-sections -MMD -MP -MF"src/ethmacdriver_l.d" -MT"src/ethmacdriver_l.o" -o "src/ethmacdriver_l.o" "../src/ethmacdriver_l.c"
Finished building: ../src/ethmacdriver_l.c
 
Building target: testharness.elf
Invoking: MicroBlaze gcc linker
mb-gcc -Wl,-T -Wl,../src/lscript.ld -L../../testharness_bsp/microblaze_0/lib -mlittle-endian -mxl-barrel-shift -mxl-pattern-compare -mcpu=v11.0 -mno-xl-soft-mul -Wl,--no-relax -Wl,--gc-sections -o "testharness.elf"  ./src/ethmacdriver_l.o ./src/platform.o ./src/testharness.o   -Wl,--start-group,-lxil,-lgcc,-lc,--end-group
Finished building target: testharness.elf
 
Invoking: MicroBlaze Print Size
mb-size testharness.elf  |tee "testharness.elf.size"
   text	   data	    bss	    dec	    hex	filename
   3978	    420	   3114	   7512	   1d58	testharness.elf
Finished building: testharness.elf.size
 
08:00:50 **** Auto Build of configuration Debug for project testharness ****
make all 
Building file: ../src/testharness.c
Invoking: MicroBlaze gcc compiler
mb-gcc -Wall -O0 -g3 -c -fmessage-length=0 -MT"src/testharness.o" -I../../testharness_bsp/microblaze_0/include -mlittle-endian -mxl-barrel-shift -mxl-pattern-compare -mcpu=v11.0 -mno-xl-soft-mul -Wl,--no-relax -ffunction-sections -fdata-sections -MMD -MP -MF"src/testharness.d" -MT"src/testharness.o" -o "src/testharness.o" "../src/testharness.c"
../src/testharness.c: In function 'main':
../src/testharness.c:61:5: warning: implicit declaration of function 'xil_print'; did you mean 'xil_printf'? [-Wimplicit-function-declaration]
     xil_print("Device is Enabled\n\r");
     ^~~~~~~~~
     xil_printf
../src/testharness.c:55:6: warning: unused variable 'xData' [-Wunused-variable]
  u32 xData;
      ^~~~~
Finished building: ../src/testharness.c
 
Building target: testharness.elf
Invoking: MicroBlaze gcc linker
mb-gcc -Wl,-T -Wl,../src/lscript.ld -L../../testharness_bsp/microblaze_0/lib -mlittle-endian -mxl-barrel-shift -mxl-pattern-compare -mcpu=v11.0 -mno-xl-soft-mul -Wl,--no-relax -Wl,--gc-sections -o "testharness.elf"  ./src/ethmacdriver_l.o ./src/platform.o ./src/testharness.o   -Wl,--start-group,-lxil,-lgcc,-lc,--end-group
./src/testharness.o: In function `main':
/home/hectorh/Documents/projects/sarao/skarab2/kutlengrepo/kutleng_skarab2_control_software/casperbsp/mblazecasperfpga/ecplisews/testharness/Debug/../src/testharness.c:61: undefined reference to `xil_print'
makefile:36: recipe for target 'testharness.elf' failed
/home/hectorh/Documents/projects/sarao/skarab2/kutlengrepo/kutleng_skarab2_control_software/casperbsp/mblazecasperfpga/ecplisews/testharness/Debug/../src/testharness.c:64: undefined reference to `xil_print'
/home/hectorh/Documents/projects/sarao/skarab2/kutlengrepo/kutleng_skarab2_control_software/casperbsp/mblazecasperfpga/ecplisews/testharness/Debug/../src/testharness.c:71: undefined reference to `xil_print'
/home/hectorh/Documents/projects/sarao/skarab2/kutlengrepo/kutleng_skarab2_control_software/casperbsp/mblazecasperfpga/ecplisews/testharness/Debug/../src/testharness.c:74: undefined reference to `xil_print'
/home/hectorh/Documents/projects/sarao/skarab2/kutlengrepo/kutleng_skarab2_control_software/casperbsp/mblazecasperfpga/ecplisews/testharness/Debug/../src/testharness.c:80: undefined reference to `xil_print'
collect2: error: ld returned 1 exit status
make: *** [testharness.elf] Error 1
08:01:01 **** Auto Build of configuration Debug for project testharness ****
make all 
Building file: ../src/testharness.c
Invoking: MicroBlaze gcc compiler
mb-gcc -Wall -O0 -g3 -c -fmessage-length=0 -MT"src/testharness.o" -I../../testharness_bsp/microblaze_0/include -mlittle-endian -mxl-barrel-shift -mxl-pattern-compare -mcpu=v11.0 -mno-xl-soft-mul -Wl,--no-relax -ffunction-sections -fdata-sections -MMD -MP -MF"src/testharness.d" -MT"src/testharness.o" -o "src/testharness.o" "../src/testharness.c"
../src/testharness.c: In function 'main':
../src/testharness.c:55:6: warning: unused variable 'xData' [-Wunused-variable]
  u32 xData;
      ^~~~~
Finished building: ../src/testharness.c
 
Building target: testharness.elf
Invoking: MicroBlaze gcc linker
mb-gcc -Wl,-T -Wl,../src/lscript.ld -L../../testharness_bsp/microblaze_0/lib -mlittle-endian -mxl-barrel-shift -mxl-pattern-compare -mcpu=v11.0 -mno-xl-soft-mul -Wl,--no-relax -Wl,--gc-sections -o "testharness.elf"  ./src/ethmacdriver_l.o ./src/platform.o ./src/testharness.o   -Wl,--start-group,-lxil,-lgcc,-lc,--end-group
Finished building target: testharness.elf
 
Invoking: MicroBlaze Print Size
mb-size testharness.elf  |tee "testharness.elf.size"
   text	   data	    bss	    dec	    hex	filename
   6976	    424	   3104	  10504	   2908	testharness.elf
Finished building: testharness.elf.size
 
08:02:59 **** Auto Build of configuration Debug for project testharness ****
make all 
Building file: ../src/testharness.c
Invoking: MicroBlaze gcc compiler
mb-gcc -Wall -O0 -g3 -c -fmessage-length=0 -MT"src/testharness.o" -I../../testharness_bsp/microblaze_0/include -mlittle-endian -mxl-barrel-shift -mxl-pattern-compare -mcpu=v11.0 -mno-xl-soft-mul -Wl,--no-relax -ffunction-sections -fdata-sections -MMD -MP -MF"src/testharness.d" -MT"src/testharness.o" -o "src/testharness.o" "../src/testharness.c"
Finished building: ../src/testharness.c
 
Building target: testharness.elf
Invoking: MicroBlaze gcc linker
mb-gcc -Wl,-T -Wl,../src/lscript.ld -L../../testharness_bsp/microblaze_0/lib -mlittle-endian -mxl-barrel-shift -mxl-pattern-compare -mcpu=v11.0 -mno-xl-soft-mul -Wl,--no-relax -Wl,--gc-sections -o "testharness.elf"  ./src/ethmacdriver_l.o ./src/platform.o ./src/testharness.o   -Wl,--start-group,-lxil,-lgcc,-lc,--end-group
Finished building target: testharness.elf
 
Invoking: MicroBlaze Print Size
mb-size testharness.elf  |tee "testharness.elf.size"
   text	   data	    bss	    dec	    hex	filename
   7132	    424	   3108	  10664	   29a8	testharness.elf
Finished building: testharness.elf.size
 
08:04:11 **** Auto Build of configuration Debug for project testharness ****
make all 
Building file: ../src/testharness.c
Invoking: MicroBlaze gcc compiler
mb-gcc -Wall -O0 -g3 -c -fmessage-length=0 -MT"src/testharness.o" -I../../testharness_bsp/microblaze_0/include -mlittle-endian -mxl-barrel-shift -mxl-pattern-compare -mcpu=v11.0 -mno-xl-soft-mul -Wl,--no-relax -ffunction-sections -fdata-sections -MMD -MP -MF"src/testharness.d" -MT"src/testharness.o" -o "src/testharness.o" "../src/testharness.c"
Finished building: ../src/testharness.c
 
Building target: testharness.elf
Invoking: MicroBlaze gcc linker
mb-gcc -Wl,-T -Wl,../src/lscript.ld -L../../testharness_bsp/microblaze_0/lib -mlittle-endian -mxl-barrel-shift -mxl-pattern-compare -mcpu=v11.0 -mno-xl-soft-mul -Wl,--no-relax -Wl,--gc-sections -o "testharness.elf"  ./src/ethmacdriver_l.o ./src/platform.o ./src/testharness.o   -Wl,--start-group,-lxil,-lgcc,-lc,--end-group
Finished building target: testharness.elf
 
Invoking: MicroBlaze Print Size
mb-size testharness.elf  |tee "testharness.elf.size"
   text	   data	    bss	    dec	    hex	filename
   7332	    424	   3108	  10864	   2a70	testharness.elf
Finished building: testharness.elf.size
 
08:04:46 **** Incremental Build of configuration Debug for project testharness ****
make all 
make: Nothing to be done for 'all'.
09:19:29 **** Auto Build of configuration Debug for project testharness ****
make all 
make: Nothing to be done for 'all'.
09:44:57 **** Auto Build of configuration Debug for project testharness ****
make all 
Building file: ../src/ethmacdriver_l.c
Invoking: MicroBlaze gcc compiler
mb-gcc -Wall -O0 -g3 -c -fmessage-length=0 -MT"src/ethmacdriver_l.o" -I../../testharness_bsp/microblaze_0/include -mlittle-endian -mxl-barrel-shift -mxl-pattern-compare -mcpu=v11.0 -mno-xl-soft-mul -Wl,--no-relax -ffunction-sections -fdata-sections -MMD -MP -MF"src/ethmacdriver_l.d" -MT"src/ethmacdriver_l.o" -o "src/ethmacdriver_l.o" "../src/ethmacdriver_l.c"
In file included from ../src/ethmacdriver_l.c:81:0:
../src/ethmacdriver_l.c: In function 'XGMAC_GetTXBufferMaximumSize':
../src/ethmacdriver_l.c:292:33: error: 'XUL_BUFFER_SIZE_REG_OFFSET' undeclared (first use in this function); did you mean 'XUL_CORE_TYPE_REG_OFFSET'?
  lVar=XGMAC_ReadReg(BaseAddress,XUL_BUFFER_SIZE_REG_OFFSET);
                                 ^
../src/ethmacdriver_l.h:184:28: note: in definition of macro 'XGMAC_ReadReg'
  Xil_In32((BaseAddress) + (RegOffset))
                            ^~~~~~~~~
../src/ethmacdriver_l.c:292:33: note: each undeclared identifier is reported only once for each function it appears in
  lVar=XGMAC_ReadReg(BaseAddress,XUL_BUFFER_SIZE_REG_OFFSET);
                                 ^
../src/ethmacdriver_l.h:184:28: note: in definition of macro 'XGMAC_ReadReg'
  Xil_In32((BaseAddress) + (RegOffset))
                            ^~~~~~~~~
../src/ethmacdriver_l.c: In function 'XGMAC_GetRXBufferMaximumSize':
../src/ethmacdriver_l.c:316:33: error: 'XUL_BUFFER_SIZE_REG_OFFSET' undeclared (first use in this function); did you mean 'XUL_CORE_TYPE_REG_OFFSET'?
  lVar=XGMAC_ReadReg(BaseAddress,XUL_BUFFER_SIZE_REG_OFFSET);
                                 ^
../src/ethmacdriver_l.h:184:28: note: in definition of macro 'XGMAC_ReadReg'
  Xil_In32((BaseAddress) + (RegOffset))
                            ^~~~~~~~~
src/subdir.mk:27: recipe for target 'src/ethmacdriver_l.o' failed
make: *** [src/ethmacdriver_l.o] Error 1
09:45:02 **** Auto Build of configuration Debug for project testharness ****
make all 
Building file: ../src/ethmacdriver_l.c
Invoking: MicroBlaze gcc compiler
mb-gcc -Wall -O0 -g3 -c -fmessage-length=0 -MT"src/ethmacdriver_l.o" -I../../testharness_bsp/microblaze_0/include -mlittle-endian -mxl-barrel-shift -mxl-pattern-compare -mcpu=v11.0 -mno-xl-soft-mul -Wl,--no-relax -ffunction-sections -fdata-sections -MMD -MP -MF"src/ethmacdriver_l.d" -MT"src/ethmacdriver_l.o" -o "src/ethmacdriver_l.o" "../src/ethmacdriver_l.c"
Finished building: ../src/ethmacdriver_l.c
 
Building file: ../src/testharness.c
Invoking: MicroBlaze gcc compiler
mb-gcc -Wall -O0 -g3 -c -fmessage-length=0 -MT"src/testharness.o" -I../../testharness_bsp/microblaze_0/include -mlittle-endian -mxl-barrel-shift -mxl-pattern-compare -mcpu=v11.0 -mno-xl-soft-mul -Wl,--no-relax -ffunction-sections -fdata-sections -MMD -MP -MF"src/testharness.d" -MT"src/testharness.o" -o "src/testharness.o" "../src/testharness.c"
Finished building: ../src/testharness.c
 
Building target: testharness.elf
Invoking: MicroBlaze gcc linker
mb-gcc -Wl,-T -Wl,../src/lscript.ld -L../../testharness_bsp/microblaze_0/lib -mlittle-endian -mxl-barrel-shift -mxl-pattern-compare -mcpu=v11.0 -mno-xl-soft-mul -Wl,--no-relax -Wl,--gc-sections -o "testharness.elf"  ./src/ethmacdriver_l.o ./src/platform.o ./src/testharness.o   -Wl,--start-group,-lxil,-lgcc,-lc,--end-group
Finished building target: testharness.elf
 
Invoking: MicroBlaze Print Size
mb-size testharness.elf  |tee "testharness.elf.size"
   text	   data	    bss	    dec	    hex	filename
   7332	    424	   3108	  10864	   2a70	testharness.elf
Finished building: testharness.elf.size
 
09:45:25 **** Auto Build of configuration Debug for project testharness ****
make all 
Building file: ../src/ethmacdriver_l.c
Invoking: MicroBlaze gcc compiler
mb-gcc -Wall -O0 -g3 -c -fmessage-length=0 -MT"src/ethmacdriver_l.o" -I../../testharness_bsp/microblaze_0/include -mlittle-endian -mxl-barrel-shift -mxl-pattern-compare -mcpu=v11.0 -mno-xl-soft-mul -Wl,--no-relax -ffunction-sections -fdata-sections -MMD -MP -MF"src/ethmacdriver_l.d" -MT"src/ethmacdriver_l.o" -o "src/ethmacdriver_l.o" "../src/ethmacdriver_l.c"
Finished building: ../src/ethmacdriver_l.c
 
Building file: ../src/testharness.c
Invoking: MicroBlaze gcc compiler
mb-gcc -Wall -O0 -g3 -c -fmessage-length=0 -MT"src/testharness.o" -I../../testharness_bsp/microblaze_0/include -mlittle-endian -mxl-barrel-shift -mxl-pattern-compare -mcpu=v11.0 -mno-xl-soft-mul -Wl,--no-relax -ffunction-sections -fdata-sections -MMD -MP -MF"src/testharness.d" -MT"src/testharness.o" -o "src/testharness.o" "../src/testharness.c"
Finished building: ../src/testharness.c
 
Building target: testharness.elf
Invoking: MicroBlaze gcc linker
mb-gcc -Wl,-T -Wl,../src/lscript.ld -L../../testharness_bsp/microblaze_0/lib -mlittle-endian -mxl-barrel-shift -mxl-pattern-compare -mcpu=v11.0 -mno-xl-soft-mul -Wl,--no-relax -Wl,--gc-sections -o "testharness.elf"  ./src/ethmacdriver_l.o ./src/platform.o ./src/testharness.o   -Wl,--start-group,-lxil,-lgcc,-lc,--end-group
Finished building target: testharness.elf
 
Invoking: MicroBlaze Print Size
mb-size testharness.elf  |tee "testharness.elf.size"
   text	   data	    bss	    dec	    hex	filename
   7332	    424	   3108	  10864	   2a70	testharness.elf
Finished building: testharness.elf.size
 
09:45:38 **** Auto Build of configuration Debug for project testharness ****
make all 
Building file: ../src/ethmacdriver_l.c
Invoking: MicroBlaze gcc compiler
mb-gcc -Wall -O0 -g3 -c -fmessage-length=0 -MT"src/ethmacdriver_l.o" -I../../testharness_bsp/microblaze_0/include -mlittle-endian -mxl-barrel-shift -mxl-pattern-compare -mcpu=v11.0 -mno-xl-soft-mul -Wl,--no-relax -ffunction-sections -fdata-sections -MMD -MP -MF"src/ethmacdriver_l.d" -MT"src/ethmacdriver_l.o" -o "src/ethmacdriver_l.o" "../src/ethmacdriver_l.c"
Finished building: ../src/ethmacdriver_l.c
 
Building target: testharness.elf
Invoking: MicroBlaze gcc linker
mb-gcc -Wl,-T -Wl,../src/lscript.ld -L../../testharness_bsp/microblaze_0/lib -mlittle-endian -mxl-barrel-shift -mxl-pattern-compare -mcpu=v11.0 -mno-xl-soft-mul -Wl,--no-relax -Wl,--gc-sections -o "testharness.elf"  ./src/ethmacdriver_l.o ./src/platform.o ./src/testharness.o   -Wl,--start-group,-lxil,-lgcc,-lc,--end-group
Finished building target: testharness.elf
 
Invoking: MicroBlaze Print Size
mb-size testharness.elf  |tee "testharness.elf.size"
   text	   data	    bss	    dec	    hex	filename
   7332	    424	   3108	  10864	   2a70	testharness.elf
Finished building: testharness.elf.size
 
09:48:27 **** Auto Build of configuration Debug for project testharness ****
make all 
Building file: ../src/testharness.c
Invoking: MicroBlaze gcc compiler
mb-gcc -Wall -O0 -g3 -c -fmessage-length=0 -MT"src/testharness.o" -I../../testharness_bsp/microblaze_0/include -mlittle-endian -mxl-barrel-shift -mxl-pattern-compare -mcpu=v11.0 -mno-xl-soft-mul -Wl,--no-relax -ffunction-sections -fdata-sections -MMD -MP -MF"src/testharness.d" -MT"src/testharness.o" -o "src/testharness.o" "../src/testharness.c"
../src/testharness.c: In function 'main':
../src/testharness.c:82:5: error: called object 'U32Data' is not a function or function pointer
src/subdir.mk:27: recipe for target 'src/testharness.o' failed
     U32Data("Device is Enabled\n\r");
     ^~~~~~~
../src/testharness.c:55:6: note: declared here
  u32 U32Data;
      ^~~~~~~
../src/testharness.c:83:5: error: 'xData' undeclared (first use in this function); did you mean 'U16Data'?
     xData = XGMAC_GetCoreType(XPAR_ETHERNETCORE_MM_0_S00_AXI_BASEADDR);
     ^~~~~
     U16Data
../src/testharness.c:83:5: note: each undeclared identifier is reported only once for each function it appears in
make: *** [src/testharness.o] Error 1
09:49:02 **** Auto Build of configuration Debug for project testharness ****
make all 
Building file: ../src/testharness.c
Invoking: MicroBlaze gcc compiler
mb-gcc -Wall -O0 -g3 -c -fmessage-length=0 -MT"src/testharness.o" -I../../testharness_bsp/microblaze_0/include -mlittle-endian -mxl-barrel-shift -mxl-pattern-compare -mcpu=v11.0 -mno-xl-soft-mul -Wl,--no-relax -ffunction-sections -fdata-sections -MMD -MP -MF"src/testharness.d" -MT"src/testharness.o" -o "src/testharness.o" "../src/testharness.c"
Finished building: ../src/testharness.c
 
Building target: testharness.elf
Invoking: MicroBlaze gcc linker
mb-gcc -Wl,-T -Wl,../src/lscript.ld -L../../testharness_bsp/microblaze_0/lib -mlittle-endian -mxl-barrel-shift -mxl-pattern-compare -mcpu=v11.0 -mno-xl-soft-mul -Wl,--no-relax -Wl,--gc-sections -o "testharness.elf"  ./src/ethmacdriver_l.o ./src/platform.o ./src/testharness.o   -Wl,--start-group,-lxil,-lgcc,-lc,--end-group
Finished building target: testharness.elf
 
Invoking: MicroBlaze Print Size
mb-size testharness.elf  |tee "testharness.elf.size"
   text	   data	    bss	    dec	    hex	filename
   7740	    424	   3108	  11272	   2c08	testharness.elf
Finished building: testharness.elf.size
 
09:49:41 **** Incremental Build of configuration Debug for project testharness ****
make all 
make: Nothing to be done for 'all'.
10:00:42 **** Auto Build of configuration Debug for project testharness ****
make all 
Building file: ../src/ethmacdriver_l.c
Invoking: MicroBlaze gcc compiler
mb-gcc -Wall -O0 -g3 -c -fmessage-length=0 -MT"src/ethmacdriver_l.o" -I../../testharness_bsp/microblaze_0/include -mlittle-endian -mxl-barrel-shift -mxl-pattern-compare -mcpu=v11.0 -mno-xl-soft-mul -Wl,--no-relax -ffunction-sections -fdata-sections -MMD -MP -MF"src/ethmacdriver_l.d" -MT"src/ethmacdriver_l.o" -o "src/ethmacdriver_l.o" "../src/ethmacdriver_l.c"
In file included from ../src/ethmacdriver_l.c:81:0:
../src/ethmacdriver_l.c: In function 'XGMAC_GetPHYStatusH':
../src/ethmacdriver_l.c:337:33: error: 'XUL_REG_PHY_CONTROLH_OFFSET' undeclared (first use in this function); did you mean 'XUL_CORE_TYPE_REG_OFFSET'?
  lVar=XGMAC_ReadReg(BaseAddress,XUL_REG_PHY_CONTROLH_OFFSET);
                                 ^
../src/ethmacdriver_l.h:186:28: note: in definition of macro 'XGMAC_ReadReg'
  Xil_In32((BaseAddress) + (RegOffset))
                            ^~~~~~~~~
../src/ethmacdriver_l.c:337:33: note: each undeclared identifier is reported only once for each function it appears in
  lVar=XGMAC_ReadReg(BaseAddress,XUL_REG_PHY_CONTROLH_OFFSET);
                                 ^
../src/ethmacdriver_l.h:186:28: note: in definition of macro 'XGMAC_ReadReg'
  Xil_In32((BaseAddress) + (RegOffset))
                            ^~~~~~~~~
../src/ethmacdriver_l.c: In function 'XGMAC_GetPHYStatusL':
../src/ethmacdriver_l.c:357:33: error: 'XUL_REG_PHY_CONTROLL_OFFSET' undeclared (first use in this function); did you mean 'XUL_CORE_TYPE_REG_OFFSET'?
  lVar=XGMAC_ReadReg(BaseAddress,XUL_REG_PHY_CONTROLL_OFFSET);
                                 ^
../src/ethmacdriver_l.h:186:28: note: in definition of macro 'XGMAC_ReadReg'
  Xil_In32((BaseAddress) + (RegOffset))
                            ^~~~~~~~~
src/subdir.mk:27: recipe for target 'src/ethmacdriver_l.o' failed
make: *** [src/ethmacdriver_l.o] Error 1
10:00:46 **** Auto Build of configuration Debug for project testharness ****
make all 
Building file: ../src/ethmacdriver_l.c
Invoking: MicroBlaze gcc compiler
mb-gcc -Wall -O0 -g3 -c -fmessage-length=0 -MT"src/ethmacdriver_l.o" -I../../testharness_bsp/microblaze_0/include -mlittle-endian -mxl-barrel-shift -mxl-pattern-compare -mcpu=v11.0 -mno-xl-soft-mul -Wl,--no-relax -ffunction-sections -fdata-sections -MMD -MP -MF"src/ethmacdriver_l.d" -MT"src/ethmacdriver_l.o" -o "src/ethmacdriver_l.o" "../src/ethmacdriver_l.c"
Finished building: ../src/ethmacdriver_l.c
 
Building file: ../src/testharness.c
Invoking: MicroBlaze gcc compiler
mb-gcc -Wall -O0 -g3 -c -fmessage-length=0 -MT"src/testharness.o" -I../../testharness_bsp/microblaze_0/include -mlittle-endian -mxl-barrel-shift -mxl-pattern-compare -mcpu=v11.0 -mno-xl-soft-mul -Wl,--no-relax -ffunction-sections -fdata-sections -MMD -MP -MF"src/testharness.d" -MT"src/testharness.o" -o "src/testharness.o" "../src/testharness.c"
Finished building: ../src/testharness.c
 
Building target: testharness.elf
Invoking: MicroBlaze gcc linker
mb-gcc -Wl,-T -Wl,../src/lscript.ld -L../../testharness_bsp/microblaze_0/lib -mlittle-endian -mxl-barrel-shift -mxl-pattern-compare -mcpu=v11.0 -mno-xl-soft-mul -Wl,--no-relax -Wl,--gc-sections -o "testharness.elf"  ./src/ethmacdriver_l.o ./src/platform.o ./src/testharness.o   -Wl,--start-group,-lxil,-lgcc,-lc,--end-group
Finished building target: testharness.elf
 
Invoking: MicroBlaze Print Size
mb-size testharness.elf  |tee "testharness.elf.size"
   text	   data	    bss	    dec	    hex	filename
   7740	    424	   3108	  11272	   2c08	testharness.elf
Finished building: testharness.elf.size
 
10:01:10 **** Auto Build of configuration Debug for project testharness ****
make all 
Building file: ../src/ethmacdriver_l.c
Invoking: MicroBlaze gcc compiler
mb-gcc -Wall -O0 -g3 -c -fmessage-length=0 -MT"src/ethmacdriver_l.o" -I../../testharness_bsp/microblaze_0/include -mlittle-endian -mxl-barrel-shift -mxl-pattern-compare -mcpu=v11.0 -mno-xl-soft-mul -Wl,--no-relax -ffunction-sections -fdata-sections -MMD -MP -MF"src/ethmacdriver_l.d" -MT"src/ethmacdriver_l.o" -o "src/ethmacdriver_l.o" "../src/ethmacdriver_l.c"
Finished building: ../src/ethmacdriver_l.c
 
Building file: ../src/testharness.c
Invoking: MicroBlaze gcc compiler
mb-gcc -Wall -O0 -g3 -c -fmessage-length=0 -MT"src/testharness.o" -I../../testharness_bsp/microblaze_0/include -mlittle-endian -mxl-barrel-shift -mxl-pattern-compare -mcpu=v11.0 -mno-xl-soft-mul -Wl,--no-relax -ffunction-sections -fdata-sections -MMD -MP -MF"src/testharness.d" -MT"src/testharness.o" -o "src/testharness.o" "../src/testharness.c"
Finished building: ../src/testharness.c
 
Building target: testharness.elf
Invoking: MicroBlaze gcc linker
mb-gcc -Wl,-T -Wl,../src/lscript.ld -L../../testharness_bsp/microblaze_0/lib -mlittle-endian -mxl-barrel-shift -mxl-pattern-compare -mcpu=v11.0 -mno-xl-soft-mul -Wl,--no-relax -Wl,--gc-sections -o "testharness.elf"  ./src/ethmacdriver_l.o ./src/platform.o ./src/testharness.o   -Wl,--start-group,-lxil,-lgcc,-lc,--end-group
Finished building target: testharness.elf
 
Invoking: MicroBlaze Print Size
mb-size testharness.elf  |tee "testharness.elf.size"
   text	   data	    bss	    dec	    hex	filename
   7740	    424	   3108	  11272	   2c08	testharness.elf
Finished building: testharness.elf.size
 
10:02:43 **** Auto Build of configuration Debug for project testharness ****
make all 
Building file: ../src/testharness.c
Invoking: MicroBlaze gcc compiler
mb-gcc -Wall -O0 -g3 -c -fmessage-length=0 -MT"src/testharness.o" -I../../testharness_bsp/microblaze_0/include -mlittle-endian -mxl-barrel-shift -mxl-pattern-compare -mcpu=v11.0 -mno-xl-soft-mul -Wl,--no-relax -ffunction-sections -fdata-sections -MMD -MP -MF"src/testharness.d" -MT"src/testharness.o" -o "src/testharness.o" "../src/testharness.c"
Finished building: ../src/testharness.c
 
Building target: testharness.elf
Invoking: MicroBlaze gcc linker
mb-gcc -Wl,-T -Wl,../src/lscript.ld -L../../testharness_bsp/microblaze_0/lib -mlittle-endian -mxl-barrel-shift -mxl-pattern-compare -mcpu=v11.0 -mno-xl-soft-mul -Wl,--no-relax -Wl,--gc-sections -o "testharness.elf"  ./src/ethmacdriver_l.o ./src/platform.o ./src/testharness.o   -Wl,--start-group,-lxil,-lgcc,-lc,--end-group
Finished building target: testharness.elf
 
Invoking: MicroBlaze Print Size
mb-size testharness.elf  |tee "testharness.elf.size"
   text	   data	    bss	    dec	    hex	filename
   8072	    424	   3104	  11600	   2d50	testharness.elf
Finished building: testharness.elf.size
 
10:02:48 **** Incremental Build of configuration Debug for project testharness ****
make all 
make: Nothing to be done for 'all'.
10:26:40 **** Auto Build of configuration Debug for project testharness ****
make all 
Building file: ../src/ethmacdriver_l.c
Invoking: MicroBlaze gcc compiler
mb-gcc -Wall -O0 -g3 -c -fmessage-length=0 -MT"src/ethmacdriver_l.o" -I../../testharness_bsp/microblaze_0/include -mlittle-endian -mxl-barrel-shift -mxl-pattern-compare -mcpu=v11.0 -mno-xl-soft-mul -Wl,--no-relax -ffunction-sections -fdata-sections -MMD -MP -MF"src/ethmacdriver_l.d" -MT"src/ethmacdriver_l.o" -o "src/ethmacdriver_l.o" "../src/ethmacdriver_l.c"
Finished building: ../src/ethmacdriver_l.c
 
Building file: ../src/testharness.c
Invoking: MicroBlaze gcc compiler
mb-gcc -Wall -O0 -g3 -c -fmessage-length=0 -MT"src/testharness.o" -I../../testharness_bsp/microblaze_0/include -mlittle-endian -mxl-barrel-shift -mxl-pattern-compare -mcpu=v11.0 -mno-xl-soft-mul -Wl,--no-relax -ffunction-sections -fdata-sections -MMD -MP -MF"src/testharness.d" -MT"src/testharness.o" -o "src/testharness.o" "../src/testharness.c"
Finished building: ../src/testharness.c
 
Building target: testharness.elf
Invoking: MicroBlaze gcc linker
mb-gcc -Wl,-T -Wl,../src/lscript.ld -L../../testharness_bsp/microblaze_0/lib -mlittle-endian -mxl-barrel-shift -mxl-pattern-compare -mcpu=v11.0 -mno-xl-soft-mul -Wl,--no-relax -Wl,--gc-sections -o "testharness.elf"  ./src/ethmacdriver_l.o ./src/platform.o ./src/testharness.o   -Wl,--start-group,-lxil,-lgcc,-lc,--end-group
Finished building target: testharness.elf
 
Invoking: MicroBlaze Print Size
mb-size testharness.elf  |tee "testharness.elf.size"
   text	   data	    bss	    dec	    hex	filename
   8072	    424	   3104	  11600	   2d50	testharness.elf
Finished building: testharness.elf.size
 
10:27:18 **** Auto Build of configuration Debug for project testharness ****
make all 
Building file: ../src/testharness.c
Invoking: MicroBlaze gcc compiler
mb-gcc -Wall -O0 -g3 -c -fmessage-length=0 -MT"src/testharness.o" -I../../testharness_bsp/microblaze_0/include -mlittle-endian -mxl-barrel-shift -mxl-pattern-compare -mcpu=v11.0 -mno-xl-soft-mul -Wl,--no-relax -ffunction-sections -fdata-sections -MMD -MP -MF"src/testharness.d" -MT"src/testharness.o" -o "src/testharness.o" "../src/testharness.c"
Finished building: ../src/testharness.c
 
Building target: testharness.elf
Invoking: MicroBlaze gcc linker
mb-gcc -Wl,-T -Wl,../src/lscript.ld -L../../testharness_bsp/microblaze_0/lib -mlittle-endian -mxl-barrel-shift -mxl-pattern-compare -mcpu=v11.0 -mno-xl-soft-mul -Wl,--no-relax -Wl,--gc-sections -o "testharness.elf"  ./src/ethmacdriver_l.o ./src/platform.o ./src/testharness.o   -Wl,--start-group,-lxil,-lgcc,-lc,--end-group
Finished building target: testharness.elf
 
Invoking: MicroBlaze Print Size
mb-size testharness.elf  |tee "testharness.elf.size"
   text	   data	    bss	    dec	    hex	filename
   8272	    424	   3104	  11800	   2e18	testharness.elf
Finished building: testharness.elf.size
 
10:27:33 **** Auto Build of configuration Debug for project testharness ****
make all 
Building file: ../src/testharness.c
Invoking: MicroBlaze gcc compiler
mb-gcc -Wall -O0 -g3 -c -fmessage-length=0 -MT"src/testharness.o" -I../../testharness_bsp/microblaze_0/include -mlittle-endian -mxl-barrel-shift -mxl-pattern-compare -mcpu=v11.0 -mno-xl-soft-mul -Wl,--no-relax -ffunction-sections -fdata-sections -MMD -MP -MF"src/testharness.d" -MT"src/testharness.o" -o "src/testharness.o" "../src/testharness.c"
Finished building: ../src/testharness.c
 
Building target: testharness.elf
Invoking: MicroBlaze gcc linker
mb-gcc -Wl,-T -Wl,../src/lscript.ld -L../../testharness_bsp/microblaze_0/lib -mlittle-endian -mxl-barrel-shift -mxl-pattern-compare -mcpu=v11.0 -mno-xl-soft-mul -Wl,--no-relax -Wl,--gc-sections -o "testharness.elf"  ./src/ethmacdriver_l.o ./src/platform.o ./src/testharness.o   -Wl,--start-group,-lxil,-lgcc,-lc,--end-group
Finished building target: testharness.elf
 
Invoking: MicroBlaze Print Size
mb-size testharness.elf  |tee "testharness.elf.size"
   text	   data	    bss	    dec	    hex	filename
   8272	    424	   3104	  11800	   2e18	testharness.elf
Finished building: testharness.elf.size
 
10:28:00 **** Incremental Build of configuration Debug for project testharness ****
make all 
make: Nothing to be done for 'all'.
11:18:34 **** Auto Build of configuration Debug for project testharness ****
make all 
Building file: ../src/ethmacdriver_l.c
Invoking: MicroBlaze gcc compiler
mb-gcc -Wall -O0 -g3 -c -fmessage-length=0 -MT"src/ethmacdriver_l.o" -I../../testharness_bsp/microblaze_0/include -mlittle-endian -mxl-barrel-shift -mxl-pattern-compare -mcpu=v11.0 -mno-xl-soft-mul -Wl,--no-relax -ffunction-sections -fdata-sections -MMD -MP -MF"src/ethmacdriver_l.d" -MT"src/ethmacdriver_l.o" -o "src/ethmacdriver_l.o" "../src/ethmacdriver_l.c"
In file included from ../src/ethmacdriver_l.c:81:0:
../src/ethmacdriver_l.c: In function 'XGMAC_GetARPSize':
../src/ethmacdriver_l.c:376:33: error: 'XUL_ARP_SIZE_REG_OFFSET' undeclared (first use in this function); did you mean 'XUL_CORE_TYPE_REG_OFFSET'?
  lVar=XGMAC_ReadReg(BaseAddress,XUL_ARP_SIZE_REG_OFFSET);
                                 ^
../src/ethmacdriver_l.h:188:28: note: in definition of macro 'XGMAC_ReadReg'
  Xil_In32((BaseAddress) + (RegOffset))
src/subdir.mk:27: recipe for target 'src/ethmacdriver_l.o' failed
                            ^~~~~~~~~
../src/ethmacdriver_l.c:376:33: note: each undeclared identifier is reported only once for each function it appears in
  lVar=XGMAC_ReadReg(BaseAddress,XUL_ARP_SIZE_REG_OFFSET);
                                 ^
../src/ethmacdriver_l.h:188:28: note: in definition of macro 'XGMAC_ReadReg'
  Xil_In32((BaseAddress) + (RegOffset))
                            ^~~~~~~~~
make: *** [src/ethmacdriver_l.o] Error 1
11:18:38 **** Auto Build of configuration Debug for project testharness ****
make all 
Building file: ../src/ethmacdriver_l.c
Invoking: MicroBlaze gcc compiler
mb-gcc -Wall -O0 -g3 -c -fmessage-length=0 -MT"src/ethmacdriver_l.o" -I../../testharness_bsp/microblaze_0/include -mlittle-endian -mxl-barrel-shift -mxl-pattern-compare -mcpu=v11.0 -mno-xl-soft-mul -Wl,--no-relax -ffunction-sections -fdata-sections -MMD -MP -MF"src/ethmacdriver_l.d" -MT"src/ethmacdriver_l.o" -o "src/ethmacdriver_l.o" "../src/ethmacdriver_l.c"
Finished building: ../src/ethmacdriver_l.c
 
Building file: ../src/testharness.c
Invoking: MicroBlaze gcc compiler
mb-gcc -Wall -O0 -g3 -c -fmessage-length=0 -MT"src/testharness.o" -I../../testharness_bsp/microblaze_0/include -mlittle-endian -mxl-barrel-shift -mxl-pattern-compare -mcpu=v11.0 -mno-xl-soft-mul -Wl,--no-relax -ffunction-sections -fdata-sections -MMD -MP -MF"src/testharness.d" -MT"src/testharness.o" -o "src/testharness.o" "../src/testharness.c"
Finished building: ../src/testharness.c
 
Building target: testharness.elf
Invoking: MicroBlaze gcc linker
mb-gcc -Wl,-T -Wl,../src/lscript.ld -L../../testharness_bsp/microblaze_0/lib -mlittle-endian -mxl-barrel-shift -mxl-pattern-compare -mcpu=v11.0 -mno-xl-soft-mul -Wl,--no-relax -Wl,--gc-sections -o "testharness.elf"  ./src/ethmacdriver_l.o ./src/platform.o ./src/testharness.o   -Wl,--start-group,-lxil,-lgcc,-lc,--end-group
Finished building target: testharness.elf
 
Invoking: MicroBlaze Print Size
mb-size testharness.elf  |tee "testharness.elf.size"
   text	   data	    bss	    dec	    hex	filename
   8272	    424	   3104	  11800	   2e18	testharness.elf
Finished building: testharness.elf.size
 
11:18:52 **** Auto Build of configuration Debug for project testharness ****
make all 
Building file: ../src/ethmacdriver_l.c
Invoking: MicroBlaze gcc compiler
mb-gcc -Wall -O0 -g3 -c -fmessage-length=0 -MT"src/ethmacdriver_l.o" -I../../testharness_bsp/microblaze_0/include -mlittle-endian -mxl-barrel-shift -mxl-pattern-compare -mcpu=v11.0 -mno-xl-soft-mul -Wl,--no-relax -ffunction-sections -fdata-sections -MMD -MP -MF"src/ethmacdriver_l.d" -MT"src/ethmacdriver_l.o" -o "src/ethmacdriver_l.o" "../src/ethmacdriver_l.c"
Finished building: ../src/ethmacdriver_l.c
 
Building file: ../src/testharness.c
Invoking: MicroBlaze gcc compiler
mb-gcc -Wall -O0 -g3 -c -fmessage-length=0 -MT"src/testharness.o" -I../../testharness_bsp/microblaze_0/include -mlittle-endian -mxl-barrel-shift -mxl-pattern-compare -mcpu=v11.0 -mno-xl-soft-mul -Wl,--no-relax -ffunction-sections -fdata-sections -MMD -MP -MF"src/testharness.d" -MT"src/testharness.o" -o "src/testharness.o" "../src/testharness.c"
Finished building: ../src/testharness.c
 
Building target: testharness.elf
Invoking: MicroBlaze gcc linker
mb-gcc -Wl,-T -Wl,../src/lscript.ld -L../../testharness_bsp/microblaze_0/lib -mlittle-endian -mxl-barrel-shift -mxl-pattern-compare -mcpu=v11.0 -mno-xl-soft-mul -Wl,--no-relax -Wl,--gc-sections -o "testharness.elf"  ./src/ethmacdriver_l.o ./src/platform.o ./src/testharness.o   -Wl,--start-group,-lxil,-lgcc,-lc,--end-group
Finished building target: testharness.elf
 
Invoking: MicroBlaze Print Size
mb-size testharness.elf  |tee "testharness.elf.size"
   text	   data	    bss	    dec	    hex	filename
   8272	    424	   3104	  11800	   2e18	testharness.elf
Finished building: testharness.elf.size
 
11:19:20 **** Auto Build of configuration Debug for project testharness ****
make all 
Building file: ../src/testharness.c
Invoking: MicroBlaze gcc compiler
mb-gcc -Wall -O0 -g3 -c -fmessage-length=0 -MT"src/testharness.o" -I../../testharness_bsp/microblaze_0/include -mlittle-endian -mxl-barrel-shift -mxl-pattern-compare -mcpu=v11.0 -mno-xl-soft-mul -Wl,--no-relax -ffunction-sections -fdata-sections -MMD -MP -MF"src/testharness.d" -MT"src/testharness.o" -o "src/testharness.o" "../src/testharness.c"
Finished building: ../src/testharness.c
 
Building target: testharness.elf
Invoking: MicroBlaze gcc linker
mb-gcc -Wl,-T -Wl,../src/lscript.ld -L../../testharness_bsp/microblaze_0/lib -mlittle-endian -mxl-barrel-shift -mxl-pattern-compare -mcpu=v11.0 -mno-xl-soft-mul -Wl,--no-relax -Wl,--gc-sections -o "testharness.elf"  ./src/ethmacdriver_l.o ./src/platform.o ./src/testharness.o   -Wl,--start-group,-lxil,-lgcc,-lc,--end-group
Finished building target: testharness.elf
 
Invoking: MicroBlaze Print Size
mb-size testharness.elf  |tee "testharness.elf.size"
   text	   data	    bss	    dec	    hex	filename
   8432	    424	   3104	  11960	   2eb8	testharness.elf
Finished building: testharness.elf.size
 
11:19:26 **** Incremental Build of configuration Debug for project testharness ****
make all 
make: Nothing to be done for 'all'.
11:20:56 **** Auto Build of configuration Debug for project testharness ****
make all 
Building file: ../src/testharness.c
Invoking: MicroBlaze gcc compiler
mb-gcc -Wall -O0 -g3 -c -fmessage-length=0 -MT"src/testharness.o" -I../../testharness_bsp/microblaze_0/include -mlittle-endian -mxl-barrel-shift -mxl-pattern-compare -mcpu=v11.0 -mno-xl-soft-mul -Wl,--no-relax -ffunction-sections -fdata-sections -MMD -MP -MF"src/testharness.d" -MT"src/testharness.o" -o "src/testharness.o" "../src/testharness.c"
Finished building: ../src/testharness.c
 
Building target: testharness.elf
Invoking: MicroBlaze gcc linker
mb-gcc -Wl,-T -Wl,../src/lscript.ld -L../../testharness_bsp/microblaze_0/lib -mlittle-endian -mxl-barrel-shift -mxl-pattern-compare -mcpu=v11.0 -mno-xl-soft-mul -Wl,--no-relax -Wl,--gc-sections -o "testharness.elf"  ./src/ethmacdriver_l.o ./src/platform.o ./src/testharness.o   -Wl,--start-group,-lxil,-lgcc,-lc,--end-group
Finished building target: testharness.elf
 
Invoking: MicroBlaze Print Size
mb-size testharness.elf  |tee "testharness.elf.size"
   text	   data	    bss	    dec	    hex	filename
   8432	    424	   3104	  11960	   2eb8	testharness.elf
Finished building: testharness.elf.size
 
11:21:13 **** Auto Build of configuration Debug for project testharness ****
make all 
Building file: ../src/testharness.c
Invoking: MicroBlaze gcc compiler
mb-gcc -Wall -O0 -g3 -c -fmessage-length=0 -MT"src/testharness.o" -I../../testharness_bsp/microblaze_0/include -mlittle-endian -mxl-barrel-shift -mxl-pattern-compare -mcpu=v11.0 -mno-xl-soft-mul -Wl,--no-relax -ffunction-sections -fdata-sections -MMD -MP -MF"src/testharness.d" -MT"src/testharness.o" -o "src/testharness.o" "../src/testharness.c"
Finished building: ../src/testharness.c
 
Building target: testharness.elf
Invoking: MicroBlaze gcc linker
mb-gcc -Wl,-T -Wl,../src/lscript.ld -L../../testharness_bsp/microblaze_0/lib -mlittle-endian -mxl-barrel-shift -mxl-pattern-compare -mcpu=v11.0 -mno-xl-soft-mul -Wl,--no-relax -Wl,--gc-sections -o "testharness.elf"  ./src/ethmacdriver_l.o ./src/platform.o ./src/testharness.o   -Wl,--start-group,-lxil,-lgcc,-lc,--end-group
Finished building target: testharness.elf
 
Invoking: MicroBlaze Print Size
mb-size testharness.elf  |tee "testharness.elf.size"
   text	   data	    bss	    dec	    hex	filename
   8428	    424	   3108	  11960	   2eb8	testharness.elf
Finished building: testharness.elf.size
 
11:21:31 **** Auto Build of configuration Debug for project testharness ****
make all 
Building file: ../src/testharness.c
Invoking: MicroBlaze gcc compiler
mb-gcc -Wall -O0 -g3 -c -fmessage-length=0 -MT"src/testharness.o" -I../../testharness_bsp/microblaze_0/include -mlittle-endian -mxl-barrel-shift -mxl-pattern-compare -mcpu=v11.0 -mno-xl-soft-mul -Wl,--no-relax -ffunction-sections -fdata-sections -MMD -MP -MF"src/testharness.d" -MT"src/testharness.o" -o "src/testharness.o" "../src/testharness.c"
Finished building: ../src/testharness.c
 
Building target: testharness.elf
Invoking: MicroBlaze gcc linker
mb-gcc -Wl,-T -Wl,../src/lscript.ld -L../../testharness_bsp/microblaze_0/lib -mlittle-endian -mxl-barrel-shift -mxl-pattern-compare -mcpu=v11.0 -mno-xl-soft-mul -Wl,--no-relax -Wl,--gc-sections -o "testharness.elf"  ./src/ethmacdriver_l.o ./src/platform.o ./src/testharness.o   -Wl,--start-group,-lxil,-lgcc,-lc,--end-group
Finished building target: testharness.elf
 
Invoking: MicroBlaze Print Size
mb-size testharness.elf  |tee "testharness.elf.size"
   text	   data	    bss	    dec	    hex	filename
   8420	    424	   3108	  11952	   2eb0	testharness.elf
Finished building: testharness.elf.size
 
11:21:37 **** Incremental Build of configuration Debug for project testharness ****
make all 
make: Nothing to be done for 'all'.
11:39:19 **** Auto Build of configuration Debug for project testharness ****
make all 
Building file: ../src/testharness.c
Invoking: MicroBlaze gcc compiler
mb-gcc -Wall -O0 -g3 -c -fmessage-length=0 -MT"src/testharness.o" -I../../testharness_bsp/microblaze_0/include -mlittle-endian -mxl-barrel-shift -mxl-pattern-compare -mcpu=v11.0 -mno-xl-soft-mul -Wl,--no-relax -ffunction-sections -fdata-sections -MMD -MP -MF"src/testharness.d" -MT"src/testharness.o" -o "src/testharness.o" "../src/testharness.c"
../src/testharness.c: In function 'main':
../src/testharness.c:118:15: warning: implicit declaration of function 'XGMAC_GetTXWordSize'; did you mean 'XGMAC_GetARPSize'? [-Wimplicit-function-declaration]
     U32Data = XGMAC_GetTXWordSize(XPAR_ETHERNETCORE_MM_0_S00_AXI_BASEADDR);
               ^~~~~~~~~~~~~~~~~~~
               XGMAC_GetARPSize
../src/testharness.c:120:15: warning: implicit declaration of function 'XGMAC_GetRXWordSize'; did you mean 'XGMAC_GetARPSize'? [-Wimplicit-function-declaration]
     U32Data = XGMAC_GetRXWordSize(XPAR_ETHERNETCORE_MM_0_S00_AXI_BASEADDR);
               ^~~~~~~~~~~~~~~~~~~
               XGMAC_GetARPSize
Finished building: ../src/testharness.c
 
Building target: testharness.elf
Invoking: MicroBlaze gcc linker
mb-gcc -Wl,-T -Wl,../src/lscript.ld -L../../testharness_bsp/microblaze_0/lib -mlittle-endian -mxl-barrel-shift -mxl-pattern-compare -mcpu=v11.0 -mno-xl-soft-mul -Wl,--no-relax -Wl,--gc-sections -o "testharness.elf"  ./src/ethmacdriver_l.o ./src/platform.o ./src/testharness.o   -Wl,--start-group,-lxil,-lgcc,-lc,--end-group
./src/testharness.o: In function `main':
/home/hectorh/Documents/projects/sarao/skarab2/kutlengrepo/kutleng_skarab2_control_software/casperbsp/mblazecasperfpga/ecplisews/testharness/Debug/../src/testharness.c:118: undefined reference to `XGMAC_GetTXWordSize'
/home/hectorh/Documents/projects/sarao/skarab2/kutlengrepo/kutleng_skarab2_control_software/casperbsp/mblazecasperfpga/ecplisews/testharness/Debug/../src/testharness.c:120: undefined reference to `XGMAC_GetRXWordSize'
collect2: error: ld returned 1 exit status
makefile:36: recipe for target 'testharness.elf' failed
make: *** [testharness.elf] Error 1
11:42:53 **** Auto Build of configuration Debug for project testharness ****
make all 
Building file: ../src/ethmacdriver_l.c
Invoking: MicroBlaze gcc compiler
mb-gcc -Wall -O0 -g3 -c -fmessage-length=0 -MT"src/ethmacdriver_l.o" -I../../testharness_bsp/microblaze_0/include -mlittle-endian -mxl-barrel-shift -mxl-pattern-compare -mcpu=v11.0 -mno-xl-soft-mul -Wl,--no-relax -ffunction-sections -fdata-sections -MMD -MP -MF"src/ethmacdriver_l.d" -MT"src/ethmacdriver_l.o" -o "src/ethmacdriver_l.o" "../src/ethmacdriver_l.c"
In file included from ../src/ethmacdriver_l.c:81:0:
../src/ethmacdriver_l.c: In function 'XGMAC_GetTXWordSize':
../src/ethmacdriver_l.c:396:33: error: 'XUL_TXRX_WORD_SIZE_REG_OFFSET' undeclared (first use in this function); did you mean 'XUL_ARP_SIZE_REG_OFFSET'?
  lVar=XGMAC_ReadReg(BaseAddress,XUL_TXRX_WORD_SIZE_REG_OFFSET);
                                 ^
../src/ethmacdriver_l.h:188:28: note: in definition of macro 'XGMAC_ReadReg'
  Xil_In32((BaseAddress) + (RegOffset))
                            ^~~~~~~~~
../src/ethmacdriver_l.c:396:33: note: each undeclared identifier is reported only once for each function it appears in
  lVar=XGMAC_ReadReg(BaseAddress,XUL_TXRX_WORD_SIZE_REG_OFFSET);
                                 ^
../src/ethmacdriver_l.h:188:28: note: in definition of macro 'XGMAC_ReadReg'
  Xil_In32((BaseAddress) + (RegOffset))
                            ^~~~~~~~~
../src/ethmacdriver_l.c: In function 'XGMAC_GetRXWordSize':
../src/ethmacdriver_l.c:415:33: error: 'XUL_TXRX_WORD_SIZE_REG_OFFSET' undeclared (first use in this function); did you mean 'XUL_ARP_SIZE_REG_OFFSET'?
  lVar=XGMAC_ReadReg(BaseAddress,XUL_TXRX_WORD_SIZE_REG_OFFSET);
                                 ^
../src/ethmacdriver_l.h:188:28: note: in definition of macro 'XGMAC_ReadReg'
  Xil_In32((BaseAddress) + (RegOffset))
                            ^~~~~~~~~
make: *** [src/ethmacdriver_l.o] Error 1
src/subdir.mk:27: recipe for target 'src/ethmacdriver_l.o' failed
11:43:32 **** Auto Build of configuration Debug for project testharness ****
make all 
Building file: ../src/ethmacdriver_l.c
Invoking: MicroBlaze gcc compiler
mb-gcc -Wall -O0 -g3 -c -fmessage-length=0 -MT"src/ethmacdriver_l.o" -I../../testharness_bsp/microblaze_0/include -mlittle-endian -mxl-barrel-shift -mxl-pattern-compare -mcpu=v11.0 -mno-xl-soft-mul -Wl,--no-relax -ffunction-sections -fdata-sections -MMD -MP -MF"src/ethmacdriver_l.d" -MT"src/ethmacdriver_l.o" -o "src/ethmacdriver_l.o" "../src/ethmacdriver_l.c"
Finished building: ../src/ethmacdriver_l.c
 
Building file: ../src/testharness.c
Invoking: MicroBlaze gcc compiler
mb-gcc -Wall -O0 -g3 -c -fmessage-length=0 -MT"src/testharness.o" -I../../testharness_bsp/microblaze_0/include -mlittle-endian -mxl-barrel-shift -mxl-pattern-compare -mcpu=v11.0 -mno-xl-soft-mul -Wl,--no-relax -ffunction-sections -fdata-sections -MMD -MP -MF"src/testharness.d" -MT"src/testharness.o" -o "src/testharness.o" "../src/testharness.c"
Finished building: ../src/testharness.c
 
Building target: testharness.elf
Invoking: MicroBlaze gcc linker
mb-gcc -Wl,-T -Wl,../src/lscript.ld -L../../testharness_bsp/microblaze_0/lib -mlittle-endian -mxl-barrel-shift -mxl-pattern-compare -mcpu=v11.0 -mno-xl-soft-mul -Wl,--no-relax -Wl,--gc-sections -o "testharness.elf"  ./src/ethmacdriver_l.o ./src/platform.o ./src/testharness.o   -Wl,--start-group,-lxil,-lgcc,-lc,--end-group
Finished building target: testharness.elf
 
Invoking: MicroBlaze Print Size
mb-size testharness.elf  |tee "testharness.elf.size"
   text	   data	    bss	    dec	    hex	filename
   8768	    424	   3104	  12296	   3008	testharness.elf
Finished building: testharness.elf.size
 
11:43:36 **** Auto Build of configuration Debug for project testharness ****
make all 
Building file: ../src/testharness.c
Invoking: MicroBlaze gcc compiler
mb-gcc -Wall -O0 -g3 -c -fmessage-length=0 -MT"src/testharness.o" -I../../testharness_bsp/microblaze_0/include -mlittle-endian -mxl-barrel-shift -mxl-pattern-compare -mcpu=v11.0 -mno-xl-soft-mul -Wl,--no-relax -ffunction-sections -fdata-sections -MMD -MP -MF"src/testharness.d" -MT"src/testharness.o" -o "src/testharness.o" "../src/testharness.c"
Finished building: ../src/testharness.c
 
Building target: testharness.elf
Invoking: MicroBlaze gcc linker
mb-gcc -Wl,-T -Wl,../src/lscript.ld -L../../testharness_bsp/microblaze_0/lib -mlittle-endian -mxl-barrel-shift -mxl-pattern-compare -mcpu=v11.0 -mno-xl-soft-mul -Wl,--no-relax -Wl,--gc-sections -o "testharness.elf"  ./src/ethmacdriver_l.o ./src/platform.o ./src/testharness.o   -Wl,--start-group,-lxil,-lgcc,-lc,--end-group
Finished building target: testharness.elf
 
Invoking: MicroBlaze Print Size
mb-size testharness.elf  |tee "testharness.elf.size"
   text	   data	    bss	    dec	    hex	filename
   8776	    424	   3104	  12304	   3010	testharness.elf
Finished building: testharness.elf.size
 
11:43:45 **** Incremental Build of configuration Debug for project testharness ****
make all 
make: Nothing to be done for 'all'.
13:23:21 **** Incremental Build of configuration Debug for project testharness ****
make all 
make: Nothing to be done for 'all'.
13:38:11 **** Auto Build of configuration Debug for project testharness ****
make all 
Building file: ../src/testharness.c
Invoking: MicroBlaze gcc compiler
mb-gcc -Wall -O0 -g3 -c -fmessage-length=0 -MT"src/testharness.o" -I../../testharness_bsp/microblaze_0/include -mlittle-endian -mxl-barrel-shift -mxl-pattern-compare -mcpu=v11.0 -mno-xl-soft-mul -Wl,--no-relax -ffunction-sections -fdata-sections -MMD -MP -MF"src/testharness.d" -MT"src/testharness.o" -o "src/testharness.o" "../src/testharness.c"
../src/testharness.c: In function 'main':
../src/testharness.c:127:15: warning: implicit declaration of function 'XGMAC_GetRXPacketRate'; did you mean 'XGMAC_GetRXWordSize'? [-Wimplicit-function-declaration]
     U32Data = XGMAC_GetRXPacketRate(XPAR_ETHERNETCORE_MM_0_S00_AXI_BASEADDR);
               ^~~~~~~~~~~~~~~~~~~~~
               XGMAC_GetRXWordSize
../src/testharness.c:131:15: warning: implicit declaration of function 'XGMAC_GetRXPacketCount'; did you mean 'XGMAC_GetPHYStatusL'? [-Wimplicit-function-declaration]
     U32Data = XGMAC_GetRXPacketCount(XPAR_ETHERNETCORE_MM_0_S00_AXI_BASEADDR);
               ^~~~~~~~~~~~~~~~~~~~~~
               XGMAC_GetPHYStatusL
../src/testharness.c:136:15: warning: implicit declaration of function 'XGMAC_GetRXValidRate'; did you mean 'XGMAC_GetRXWordSize'? [-Wimplicit-function-declaration]
     U32Data = XGMAC_GetRXValidRate(XPAR_ETHERNETCORE_MM_0_S00_AXI_BASEADDR);
               ^~~~~~~~~~~~~~~~~~~~
               XGMAC_GetRXWordSize
../src/testharness.c:141:15: warning: implicit declaration of function 'XGMAC_GetRXValidCount'; did you mean 'XGMAC_GetRXWordSize'? [-Wimplicit-function-declaration]
     U32Data = XGMAC_GetRXValidCount(XPAR_ETHERNETCORE_MM_0_S00_AXI_BASEADDR);
               ^~~~~~~~~~~~~~~~~~~~~
               XGMAC_GetRXWordSize
../src/testharness.c:145:15: warning: implicit declaration of function 'XGMAC_GetRXOverflowCount'; did you mean 'XGMAC_GetRXWordSize'? [-Wimplicit-function-declaration]
     U32Data = XGMAC_GetRXOverflowCount(XPAR_ETHERNETCORE_MM_0_S00_AXI_BASEADDR);
               ^~~~~~~~~~~~~~~~~~~~~~~~
               XGMAC_GetRXWordSize
../src/testharness.c:149:15: warning: implicit declaration of function 'XGMAC_GetRXAFullCount'; did you mean 'XGMAC_GetRXWordSize'? [-Wimplicit-function-declaration]
     U32Data = XGMAC_GetRXAFullCount(XPAR_ETHERNETCORE_MM_0_S00_AXI_BASEADDR);
               ^~~~~~~~~~~~~~~~~~~~~
               XGMAC_GetRXWordSize
../src/testharness.c:154:15: warning: implicit declaration of function 'XGMAC_GetRXBadPacketCount' [-Wimplicit-function-declaration]
     U32Data = XGMAC_GetRXBadPacketCount(XPAR_ETHERNETCORE_MM_0_S00_AXI_BASEADDR);
               ^~~~~~~~~~~~~~~~~~~~~~~~~
Finished building: ../src/testharness.c
 
Building target: testharness.elf
Invoking: MicroBlaze gcc linker
mb-gcc -Wl,-T -Wl,../src/lscript.ld -L../../testharness_bsp/microblaze_0/lib -mlittle-endian -mxl-barrel-shift -mxl-pattern-compare -mcpu=v11.0 -mno-xl-soft-mul -Wl,--no-relax -Wl,--gc-sections -o "testharness.elf"  ./src/ethmacdriver_l.o ./src/platform.o ./src/testharness.o   -Wl,--start-group,-lxil,-lgcc,-lc,--end-group
./src/testharness.o: In function `main':
/home/hectorh/Documents/projects/sarao/skarab2/kutlengrepo/kutleng_skarab2_control_software/casperbsp/mblazecasperfpga/ecplisews/testharness/Debug/../src/testharness.c:127: undefined reference to `XGMAC_GetRXPacketRate'
/home/hectorh/Documents/projects/sarao/skarab2/kutlengrepo/kutleng_skarab2_control_software/casperbsp/mblazecasperfpga/ecplisews/testharness/Debug/../src/testharness.c:131: undefined reference to `XGMAC_GetRXPacketCount'
makefile:36: recipe for target 'testharness.elf' failed
/home/hectorh/Documents/projects/sarao/skarab2/kutlengrepo/kutleng_skarab2_control_software/casperbsp/mblazecasperfpga/ecplisews/testharness/Debug/../src/testharness.c:136: undefined reference to `XGMAC_GetRXValidRate'
/home/hectorh/Documents/projects/sarao/skarab2/kutlengrepo/kutleng_skarab2_control_software/casperbsp/mblazecasperfpga/ecplisews/testharness/Debug/../src/testharness.c:141: undefined reference to `XGMAC_GetRXValidCount'
/home/hectorh/Documents/projects/sarao/skarab2/kutlengrepo/kutleng_skarab2_control_software/casperbsp/mblazecasperfpga/ecplisews/testharness/Debug/../src/testharness.c:145: undefined reference to `XGMAC_GetRXOverflowCount'
/home/hectorh/Documents/projects/sarao/skarab2/kutlengrepo/kutleng_skarab2_control_software/casperbsp/mblazecasperfpga/ecplisews/testharness/Debug/../src/testharness.c:149: undefined reference to `XGMAC_GetRXAFullCount'
/home/hectorh/Documents/projects/sarao/skarab2/kutlengrepo/kutleng_skarab2_control_software/casperbsp/mblazecasperfpga/ecplisews/testharness/Debug/../src/testharness.c:154: undefined reference to `XGMAC_GetRXBadPacketCount'
collect2: error: ld returned 1 exit status
make: *** [testharness.elf] Error 1
13:41:07 **** Auto Build of configuration Debug for project testharness ****
make all 
Building file: ../src/ethmacdriver_l.c
Invoking: MicroBlaze gcc compiler
mb-gcc -Wall -O0 -g3 -c -fmessage-length=0 -MT"src/ethmacdriver_l.o" -I../../testharness_bsp/microblaze_0/include -mlittle-endian -mxl-barrel-shift -mxl-pattern-compare -mcpu=v11.0 -mno-xl-soft-mul -Wl,--no-relax -ffunction-sections -fdata-sections -MMD -MP -MF"src/ethmacdriver_l.d" -MT"src/ethmacdriver_l.o" -o "src/ethmacdriver_l.o" "../src/ethmacdriver_l.c"
Finished building: ../src/ethmacdriver_l.c
 
Building file: ../src/testharness.c
Invoking: MicroBlaze gcc compiler
mb-gcc -Wall -O0 -g3 -c -fmessage-length=0 -MT"src/testharness.o" -I../../testharness_bsp/microblaze_0/include -mlittle-endian -mxl-barrel-shift -mxl-pattern-compare -mcpu=v11.0 -mno-xl-soft-mul -Wl,--no-relax -ffunction-sections -fdata-sections -MMD -MP -MF"src/testharness.d" -MT"src/testharness.o" -o "src/testharness.o" "../src/testharness.c"
../src/testharness.c: In function 'main':
../src/testharness.c:127:15: warning: implicit declaration of function 'XGMAC_GetRXPacketRate'; did you mean 'XGMAC_GetRXWordSize'? [-Wimplicit-function-declaration]
     U32Data = XGMAC_GetRXPacketRate(XPAR_ETHERNETCORE_MM_0_S00_AXI_BASEADDR);
               ^~~~~~~~~~~~~~~~~~~~~
               XGMAC_GetRXWordSize
../src/testharness.c:131:15: warning: implicit declaration of function 'XGMAC_GetRXPacketCount'; did you mean 'XGMAC_GetPHYStatusL'? [-Wimplicit-function-declaration]
     U32Data = XGMAC_GetRXPacketCount(XPAR_ETHERNETCORE_MM_0_S00_AXI_BASEADDR);
               ^~~~~~~~~~~~~~~~~~~~~~
               XGMAC_GetPHYStatusL
../src/testharness.c:136:15: warning: implicit declaration of function 'XGMAC_GetRXValidRate'; did you mean 'XGMAC_GetRXWordSize'? [-Wimplicit-function-declaration]
     U32Data = XGMAC_GetRXValidRate(XPAR_ETHERNETCORE_MM_0_S00_AXI_BASEADDR);
               ^~~~~~~~~~~~~~~~~~~~
               XGMAC_GetRXWordSize
../src/testharness.c:141:15: warning: implicit declaration of function 'XGMAC_GetRXValidCount'; did you mean 'XGMAC_GetRXWordSize'? [-Wimplicit-function-declaration]
     U32Data = XGMAC_GetRXValidCount(XPAR_ETHERNETCORE_MM_0_S00_AXI_BASEADDR);
               ^~~~~~~~~~~~~~~~~~~~~
               XGMAC_GetRXWordSize
../src/testharness.c:145:15: warning: implicit declaration of function 'XGMAC_GetRXOverflowCount'; did you mean 'XGMAC_GetRXWordSize'? [-Wimplicit-function-declaration]
     U32Data = XGMAC_GetRXOverflowCount(XPAR_ETHERNETCORE_MM_0_S00_AXI_BASEADDR);
               ^~~~~~~~~~~~~~~~~~~~~~~~
               XGMAC_GetRXWordSize
../src/testharness.c:149:15: warning: implicit declaration of function 'XGMAC_GetRXAFullCount'; did you mean 'XGMAC_GetRXWordSize'? [-Wimplicit-function-declaration]
     U32Data = XGMAC_GetRXAFullCount(XPAR_ETHERNETCORE_MM_0_S00_AXI_BASEADDR);
               ^~~~~~~~~~~~~~~~~~~~~
               XGMAC_GetRXWordSize
../src/testharness.c:154:15: warning: implicit declaration of function 'XGMAC_GetRXBadPacketCount' [-Wimplicit-function-declaration]
     U32Data = XGMAC_GetRXBadPacketCount(XPAR_ETHERNETCORE_MM_0_S00_AXI_BASEADDR);
               ^~~~~~~~~~~~~~~~~~~~~~~~~
Finished building: ../src/testharness.c
 
Building target: testharness.elf
Invoking: MicroBlaze gcc linker
mb-gcc -Wl,-T -Wl,../src/lscript.ld -L../../testharness_bsp/microblaze_0/lib -mlittle-endian -mxl-barrel-shift -mxl-pattern-compare -mcpu=v11.0 -mno-xl-soft-mul -Wl,--no-relax -Wl,--gc-sections -o "testharness.elf"  ./src/ethmacdriver_l.o ./src/platform.o ./src/testharness.o   -Wl,--start-group,-lxil,-lgcc,-lc,--end-group
./src/testharness.o: In function `main':
/home/hectorh/Documents/projects/sarao/skarab2/kutlengrepo/kutleng_skarab2_control_software/casperbsp/mblazecasperfpga/ecplisews/testharness/Debug/../src/testharness.c:127: undefined reference to `XGMAC_GetRXPacketRate'
makefile:36: recipe for target 'testharness.elf' failed
/home/hectorh/Documents/projects/sarao/skarab2/kutlengrepo/kutleng_skarab2_control_software/casperbsp/mblazecasperfpga/ecplisews/testharness/Debug/../src/testharness.c:131: undefined reference to `XGMAC_GetRXPacketCount'
/home/hectorh/Documents/projects/sarao/skarab2/kutlengrepo/kutleng_skarab2_control_software/casperbsp/mblazecasperfpga/ecplisews/testharness/Debug/../src/testharness.c:136: undefined reference to `XGMAC_GetRXValidRate'
/home/hectorh/Documents/projects/sarao/skarab2/kutlengrepo/kutleng_skarab2_control_software/casperbsp/mblazecasperfpga/ecplisews/testharness/Debug/../src/testharness.c:141: undefined reference to `XGMAC_GetRXValidCount'
/home/hectorh/Documents/projects/sarao/skarab2/kutlengrepo/kutleng_skarab2_control_software/casperbsp/mblazecasperfpga/ecplisews/testharness/Debug/../src/testharness.c:145: undefined reference to `XGMAC_GetRXOverflowCount'
/home/hectorh/Documents/projects/sarao/skarab2/kutlengrepo/kutleng_skarab2_control_software/casperbsp/mblazecasperfpga/ecplisews/testharness/Debug/../src/testharness.c:149: undefined reference to `XGMAC_GetRXAFullCount'
/home/hectorh/Documents/projects/sarao/skarab2/kutlengrepo/kutleng_skarab2_control_software/casperbsp/mblazecasperfpga/ecplisews/testharness/Debug/../src/testharness.c:154: undefined reference to `XGMAC_GetRXBadPacketCount'
collect2: error: ld returned 1 exit status
make: *** [testharness.elf] Error 1
13:44:19 **** Auto Build of configuration Debug for project testharness ****
make all 
Building file: ../src/ethmacdriver_l.c
Invoking: MicroBlaze gcc compiler
mb-gcc -Wall -O0 -g3 -c -fmessage-length=0 -MT"src/ethmacdriver_l.o" -I../../testharness_bsp/microblaze_0/include -mlittle-endian -mxl-barrel-shift -mxl-pattern-compare -mcpu=v11.0 -mno-xl-soft-mul -Wl,--no-relax -ffunction-sections -fdata-sections -MMD -MP -MF"src/ethmacdriver_l.d" -MT"src/ethmacdriver_l.o" -o "src/ethmacdriver_l.o" "../src/ethmacdriver_l.c"
Finished building: ../src/ethmacdriver_l.c
 
Building file: ../src/testharness.c
Invoking: MicroBlaze gcc compiler
mb-gcc -Wall -O0 -g3 -c -fmessage-length=0 -MT"src/testharness.o" -I../../testharness_bsp/microblaze_0/include -mlittle-endian -mxl-barrel-shift -mxl-pattern-compare -mcpu=v11.0 -mno-xl-soft-mul -Wl,--no-relax -ffunction-sections -fdata-sections -MMD -MP -MF"src/testharness.d" -MT"src/testharness.o" -o "src/testharness.o" "../src/testharness.c"
../src/testharness.c: In function 'main':
../src/testharness.c:127:15: warning: implicit declaration of function 'XGMAC_GetRXPacketRate'; did you mean 'XGMAC_GetRXWordSize'? [-Wimplicit-function-declaration]
     U32Data = XGMAC_GetRXPacketRate(XPAR_ETHERNETCORE_MM_0_S00_AXI_BASEADDR);
               ^~~~~~~~~~~~~~~~~~~~~
               XGMAC_GetRXWordSize
[...]
Finished building: ../src/testharness.c
 
Building target: testharness.elf
Invoking: MicroBlaze gcc linker
mb-gcc -Wl,-T -Wl,../src/lscript.ld -L../../testharness_bsp/microblaze_0/lib -mlittle-endian -mxl-barrel-shift -mxl-pattern-compare -mcpu=v11.0 -mno-xl-soft-mul -Wl,--no-relax -Wl,--gc-sections -o "testharness.elf"  ./src/ethmacdriver_l.o ./src/platform.o ./src/testharness.o   -Wl,--start-group,-lxil,-lgcc,-lc,--end-group
Finished building target: testharness.elf
 
Invoking: MicroBlaze Print Size
mb-size testharness.elf  |tee "testharness.elf.size"
   text	   data	    bss	    dec	    hex	filename
  16484	    424	   3108	  20016	   4e30	testharness.elf
Finished building: testharness.elf.size
 
03:00:32 **** Incremental Build of configuration Debug for project testharness ****
make all 
make: Nothing to be done for 'all'.
10:21:18 **** Clean-only build of project testharness_bsp ****
make -k clean 
make -C microblaze_0/libsrc/tmrctr_v4_5/src -s clean 
make -C microblaze_0/libsrc/standalone_v6_8/src -s clean 
make -C microblaze_0/libsrc/ethernetcore_mm_v1_0/src -s clean 
make -C microblaze_0/libsrc/uartlite_v3_2/src -s clean 
make -C microblaze_0/libsrc/bram_v4_2/src -s clean 
make -C microblaze_0/libsrc/cpu_v2_8/src -s clean 
make -C microblaze_0/libsrc/intc_v3_8/src -s clean 
make -C microblaze_0/libsrc/wdttb_v4_3/src -s clean 
rm -f microblaze_0/lib/libxil.a
10:21:19 **** Clean-only build of configuration Debug for project testharness ****
make clean 
rm -rf  ./src/ethmacdriver_l.o ./src/platform.o ./src/testharness.o  ./src/ethmacdriver_l.d ./src/platform.d ./src/testharness.d  testharness.elf.size  testharness.elf
 
10:21:19 **** Build of project testharness_bsp ****
make -k all 
Running Make include in microblaze_0/libsrc/tmrctr_v4_5/src
make -C microblaze_0/libsrc/tmrctr_v4_5/src -s include  "SHELL=/bin/sh" "COMPILER=mb-gcc" "ARCHIVER=mb-ar" "COMPILER_FLAGS=  -O2 -c -mcpu=v11.0 -mlittle-endian -mno-xl-soft-mul -mxl-barrel-shift -mxl-pattern-compare" "EXTRA_COMPILER_FLAGS=-ffunction-sections -fdata-sections -Wall -Wextra"
Running Make include in microblaze_0/libsrc/standalone_v6_8/src
make -C microblaze_0/libsrc/standalone_v6_8/src -s include  "SHELL=/bin/sh" "COMPILER=mb-gcc" "ARCHIVER=mb-ar" "COMPILER_FLAGS=  -O2 -c -mcpu=v11.0 -mlittle-endian -mno-xl-soft-mul -mxl-barrel-shift -mxl-pattern-compare" "EXTRA_COMPILER_FLAGS=-ffunction-sections -fdata-sections -Wall -Wextra"
Running Make include in microblaze_0/libsrc/ethernetcore_mm_v1_0/src
make -C microblaze_0/libsrc/ethernetcore_mm_v1_0/src -s include  "SHELL=/bin/sh" "COMPILER=mb-gcc" "ARCHIVER=mb-ar" "COMPILER_FLAGS=  -O2 -c -mcpu=v11.0 -mlittle-endian -mno-xl-soft-mul -mxl-barrel-shift -mxl-pattern-compare" "EXTRA_COMPILER_FLAGS=-ffunction-sections -fdata-sections -Wall -Wextra"
Running Make include in microblaze_0/libsrc/uartlite_v3_2/src
make -C microblaze_0/libsrc/uartlite_v3_2/src -s include  "SHELL=/bin/sh" "COMPILER=mb-gcc" "ARCHIVER=mb-ar" "COMPILER_FLAGS=  -O2 -c -mcpu=v11.0 -mlittle-endian -mno-xl-soft-mul -mxl-barrel-shift -mxl-pattern-compare" "EXTRA_COMPILER_FLAGS=-ffunction-sections -fdata-sections -Wall -Wextra"
Running Make include in microblaze_0/libsrc/bram_v4_2/src
make -C microblaze_0/libsrc/bram_v4_2/src -s include  "SHELL=/bin/sh" "COMPILER=mb-gcc" "ARCHIVER=mb-ar" "COMPILER_FLAGS=  -O2 -c -mcpu=v11.0 -mlittle-endian -mno-xl-soft-mul -mxl-barrel-shift -mxl-pattern-compare" "EXTRA_COMPILER_FLAGS=-ffunction-sections -fdata-sections -Wall -Wextra"
Running Make include in microblaze_0/libsrc/cpu_v2_8/src
make -C microblaze_0/libsrc/cpu_v2_8/src -s include  "SHELL=/bin/sh" "COMPILER=mb-gcc" "ARCHIVER=mb-ar" "COMPILER_FLAGS=  -O2 -c -mcpu=v11.0 -mlittle-endian -mno-xl-soft-mul -mxl-barrel-shift -mxl-pattern-compare" "EXTRA_COMPILER_FLAGS=-ffunction-sections -fdata-sections -Wall -Wextra"
Running Make include in microblaze_0/libsrc/intc_v3_8/src
make -C microblaze_0/libsrc/intc_v3_8/src -s include  "SHELL=/bin/sh" "COMPILER=mb-gcc" "ARCHIVER=mb-ar" "COMPILER_FLAGS=  -O2 -c -mcpu=v11.0 -mlittle-endian -mno-xl-soft-mul -mxl-barrel-shift -mxl-pattern-compare" "EXTRA_COMPILER_FLAGS=-ffunction-sections -fdata-sections -Wall -Wextra"
Running Make include in microblaze_0/libsrc/wdttb_v4_3/src
make -C microblaze_0/libsrc/wdttb_v4_3/src -s include  "SHELL=/bin/sh" "COMPILER=mb-gcc" "ARCHIVER=mb-ar" "COMPILER_FLAGS=  -O2 -c -mcpu=v11.0 -mlittle-endian -mno-xl-soft-mul -mxl-barrel-shift -mxl-pattern-compare" "EXTRA_COMPILER_FLAGS=-ffunction-sections -fdata-sections -Wall -Wextra"
Running Make libs in microblaze_0/libsrc/tmrctr_v4_5/src
make -C microblaze_0/libsrc/tmrctr_v4_5/src -s libs  "SHELL=/bin/sh" "COMPILER=mb-gcc" "ARCHIVER=mb-ar" "COMPILER_FLAGS=  -O2 -c -mcpu=v11.0 -mlittle-endian -mno-xl-soft-mul -mxl-barrel-shift -mxl-pattern-compare" "EXTRA_COMPILER_FLAGS=-ffunction-sections -fdata-sections -Wall -Wextra"
Compiling tmrctr
mb-ar: creating ../../../lib/libxil.a
Running Make libs in microblaze_0/libsrc/standalone_v6_8/src
make -C microblaze_0/libsrc/standalone_v6_8/src -s libs  "SHELL=/bin/sh" "COMPILER=mb-gcc" "ARCHIVER=mb-ar" "COMPILER_FLAGS=  -O2 -c -mcpu=v11.0 -mlittle-endian -mno-xl-soft-mul -mxl-barrel-shift -mxl-pattern-compare" "EXTRA_COMPILER_FLAGS=-ffunction-sections -fdata-sections -Wall -Wextra"
Compiling standalone
microblaze_sleep.c:77:9: note: #pragma message: For the sleep routines, assembly instructions are used
 #pragma message ("For the sleep routines, assembly instructions are used")
         ^~~~~~~
Running Make libs in microblaze_0/libsrc/ethernetcore_mm_v1_0/src
make -C microblaze_0/libsrc/ethernetcore_mm_v1_0/src -s libs  "SHELL=/bin/sh" "COMPILER=mb-gcc" "ARCHIVER=mb-ar" "COMPILER_FLAGS=  -O2 -c -mcpu=v11.0 -mlittle-endian -mno-xl-soft-mul -mxl-barrel-shift -mxl-pattern-compare" "EXTRA_COMPILER_FLAGS=-ffunction-sections -fdata-sections -Wall -Wextra"
Compiling ethernetcore_mm...
ethernetcore_mm_selftest.c: In function 'ETHERNETCORE_MM_Reg_SelfTest':
ethernetcore_mm_selftest.c:52:64: warning: comparison between signed and unsigned integer expressions [-Wsign-compare]
    if ( ETHERNETCORE_MM_mReadReg (baseaddr, read_loop_index*4) != (read_loop_index+1)*READ_WRITE_MUL_FACTOR){
                                                                ^~
ethernetcore_mm_selftest.c:36:6: warning: unused variable 'Index' [-Wunused-variable]
  int Index;
      ^~~~~
Running Make libs in microblaze_0/libsrc/uartlite_v3_2/src
make -C microblaze_0/libsrc/uartlite_v3_2/src -s libs  "SHELL=/bin/sh" "COMPILER=mb-gcc" "ARCHIVER=mb-ar" "COMPILER_FLAGS=  -O2 -c -mcpu=v11.0 -mlittle-endian -mno-xl-soft-mul -mxl-barrel-shift -mxl-pattern-compare" "EXTRA_COMPILER_FLAGS=-ffunction-sections -fdata-sections -Wall -Wextra"
Compiling uartlite
Running Make libs in microblaze_0/libsrc/bram_v4_2/src
make -C microblaze_0/libsrc/bram_v4_2/src -s libs  "SHELL=/bin/sh" "COMPILER=mb-gcc" "ARCHIVER=mb-ar" "COMPILER_FLAGS=  -O2 -c -mcpu=v11.0 -mlittle-endian -mno-xl-soft-mul -mxl-barrel-shift -mxl-pattern-compare" "EXTRA_COMPILER_FLAGS=-ffunction-sections -fdata-sections -Wall -Wextra"
Compiling bram
Running Make libs in microblaze_0/libsrc/cpu_v2_8/src
make -C microblaze_0/libsrc/cpu_v2_8/src -s libs  "SHELL=/bin/sh" "COMPILER=mb-gcc" "ARCHIVER=mb-ar" "COMPILER_FLAGS=  -O2 -c -mcpu=v11.0 -mlittle-endian -mno-xl-soft-mul -mxl-barrel-shift -mxl-pattern-compare" "EXTRA_COMPILER_FLAGS=-ffunction-sections -fdata-sections -Wall -Wextra"
Compiling cpu
Running Make libs in microblaze_0/libsrc/intc_v3_8/src
make -C microblaze_0/libsrc/intc_v3_8/src -s libs  "SHELL=/bin/sh" "COMPILER=mb-gcc" "ARCHIVER=mb-ar" "COMPILER_FLAGS=  -O2 -c -mcpu=v11.0 -mlittle-endian -mno-xl-soft-mul -mxl-barrel-shift -mxl-pattern-compare" "EXTRA_COMPILER_FLAGS=-ffunction-sections -fdata-sections -Wall -Wextra"
Compiling intc
Running Make libs in microblaze_0/libsrc/wdttb_v4_3/src
make -C microblaze_0/libsrc/wdttb_v4_3/src -s libs  "SHELL=/bin/sh" "COMPILER=mb-gcc" "ARCHIVER=mb-ar" "COMPILER_FLAGS=  -O2 -c -mcpu=v11.0 -mlittle-endian -mno-xl-soft-mul -mxl-barrel-shift -mxl-pattern-compare" "EXTRA_COMPILER_FLAGS=-ffunction-sections -fdata-sections -Wall -Wextra"
Compiling wdttb
In file included from xwdttb.h:169:0,
                 from xwdttb.c:83:
xwdttb.c: In function 'XWdtTb_ProgramWDTWidth':
../../../include/xil_assert.h:108:9: warning: 'return' with no value, in function returning non-void
         return;                                    \
         ^
xwdttb.c:1228:2: note: in expansion of macro 'Xil_AssertVoid'
  Xil_AssertVoid(InstancePtr != NULL);
  ^~~~~~~~~~~~~~
xwdttb.c:1225:5: note: declared here
 u32 XWdtTb_ProgramWDTWidth(XWdtTb *InstancePtr, u32 width)
     ^~~~~~~~~~~~~~~~~~~~~~
Finished building libraries
10:21:21 **** Build of configuration Debug for project testharness ****
make all 
Building file: ../src/ethmacdriver_l.c
Invoking: MicroBlaze gcc compiler
mb-gcc -Wall -O0 -g3 -c -fmessage-length=0 -MT"src/ethmacdriver_l.o" -I../../testharness_bsp/microblaze_0/include -mlittle-endian -mxl-barrel-shift -mxl-pattern-compare -mcpu=v11.0 -mno-xl-soft-mul -Wl,--no-relax -ffunction-sections -fdata-sections -MMD -MP -MF"src/ethmacdriver_l.d" -MT"src/ethmacdriver_l.o" -o "src/ethmacdriver_l.o" "../src/ethmacdriver_l.c"
Finished building: ../src/ethmacdriver_l.c
 
Building file: ../src/platform.c
Invoking: MicroBlaze gcc compiler
mb-gcc -Wall -O0 -g3 -c -fmessage-length=0 -MT"src/platform.o" -I../../testharness_bsp/microblaze_0/include -mlittle-endian -mxl-barrel-shift -mxl-pattern-compare -mcpu=v11.0 -mno-xl-soft-mul -Wl,--no-relax -ffunction-sections -fdata-sections -MMD -MP -MF"src/platform.d" -MT"src/platform.o" -o "src/platform.o" "../src/platform.c"
Finished building: ../src/platform.c
 
Building file: ../src/testharness.c
Invoking: MicroBlaze gcc compiler
mb-gcc -Wall -O0 -g3 -c -fmessage-length=0 -MT"src/testharness.o" -I../../testharness_bsp/microblaze_0/include -mlittle-endian -mxl-barrel-shift -mxl-pattern-compare -mcpu=v11.0 -mno-xl-soft-mul -Wl,--no-relax -ffunction-sections -fdata-sections -MMD -MP -MF"src/testharness.d" -MT"src/testharness.o" -o "src/testharness.o" "../src/testharness.c"
Finished building: ../src/testharness.c
 
Building target: testharness.elf
Invoking: MicroBlaze gcc linker
mb-gcc -Wl,-T -Wl,../src/lscript.ld -L../../testharness_bsp/microblaze_0/lib -mlittle-endian -mxl-barrel-shift -mxl-pattern-compare -mcpu=v11.0 -mno-xl-soft-mul -Wl,--no-relax -Wl,--gc-sections -o "testharness.elf"  ./src/ethmacdriver_l.o ./src/platform.o ./src/testharness.o   -Wl,--start-group,-lxil,-lgcc,-lc,--end-group
Finished building target: testharness.elf
 
Invoking: MicroBlaze Print Size
mb-size testharness.elf  |tee "testharness.elf.size"
   text	   data	    bss	    dec	    hex	filename
  16484	    424	   3108	  20016	   4e30	testharness.elf
Finished building: testharness.elf.size
 
13:11:04 **** Auto Build of project testharness_bsp ****
make -k all 
Running Make include in microblaze_0/libsrc/tmrctr_v4_5/src
make -C microblaze_0/libsrc/tmrctr_v4_5/src -s include  "SHELL=/bin/sh" "COMPILER=mb-gcc" "ARCHIVER=mb-ar" "COMPILER_FLAGS=  -O2 -c -mcpu=v11.0 -mlittle-endian -mno-xl-soft-mul -mxl-barrel-shift -mxl-pattern-compare" "EXTRA_COMPILER_FLAGS=-ffunction-sections -fdata-sections -Wall -Wextra"
Running Make include in microblaze_0/libsrc/standalone_v6_8/src
make -C microblaze_0/libsrc/standalone_v6_8/src -s include  "SHELL=/bin/sh" "COMPILER=mb-gcc" "ARCHIVER=mb-ar" "COMPILER_FLAGS=  -O2 -c -mcpu=v11.0 -mlittle-endian -mno-xl-soft-mul -mxl-barrel-shift -mxl-pattern-compare" "EXTRA_COMPILER_FLAGS=-ffunction-sections -fdata-sections -Wall -Wextra"
Running Make include in microblaze_0/libsrc/ethernetcore_mm_v1_0/src
make -C microblaze_0/libsrc/ethernetcore_mm_v1_0/src -s include  "SHELL=/bin/sh" "COMPILER=mb-gcc" "ARCHIVER=mb-ar" "COMPILER_FLAGS=  -O2 -c -mcpu=v11.0 -mlittle-endian -mno-xl-soft-mul -mxl-barrel-shift -mxl-pattern-compare" "EXTRA_COMPILER_FLAGS=-ffunction-sections -fdata-sections -Wall -Wextra"
Running Make include in microblaze_0/libsrc/uartlite_v3_2/src
make -C microblaze_0/libsrc/uartlite_v3_2/src -s include  "SHELL=/bin/sh" "COMPILER=mb-gcc" "ARCHIVER=mb-ar" "COMPILER_FLAGS=  -O2 -c -mcpu=v11.0 -mlittle-endian -mno-xl-soft-mul -mxl-barrel-shift -mxl-pattern-compare" "EXTRA_COMPILER_FLAGS=-ffunction-sections -fdata-sections -Wall -Wextra"
Running Make include in microblaze_0/libsrc/bram_v4_2/src
make -C microblaze_0/libsrc/bram_v4_2/src -s include  "SHELL=/bin/sh" "COMPILER=mb-gcc" "ARCHIVER=mb-ar" "COMPILER_FLAGS=  -O2 -c -mcpu=v11.0 -mlittle-endian -mno-xl-soft-mul -mxl-barrel-shift -mxl-pattern-compare" "EXTRA_COMPILER_FLAGS=-ffunction-sections -fdata-sections -Wall -Wextra"
Running Make include in microblaze_0/libsrc/cpu_v2_8/src
make -C microblaze_0/libsrc/cpu_v2_8/src -s include  "SHELL=/bin/sh" "COMPILER=mb-gcc" "ARCHIVER=mb-ar" "COMPILER_FLAGS=  -O2 -c -mcpu=v11.0 -mlittle-endian -mno-xl-soft-mul -mxl-barrel-shift -mxl-pattern-compare" "EXTRA_COMPILER_FLAGS=-ffunction-sections -fdata-sections -Wall -Wextra"
Running Make include in microblaze_0/libsrc/intc_v3_8/src
make -C microblaze_0/libsrc/intc_v3_8/src -s include  "SHELL=/bin/sh" "COMPILER=mb-gcc" "ARCHIVER=mb-ar" "COMPILER_FLAGS=  -O2 -c -mcpu=v11.0 -mlittle-endian -mno-xl-soft-mul -mxl-barrel-shift -mxl-pattern-compare" "EXTRA_COMPILER_FLAGS=-ffunction-sections -fdata-sections -Wall -Wextra"
Running Make include in microblaze_0/libsrc/wdttb_v4_3/src
make -C microblaze_0/libsrc/wdttb_v4_3/src -s include  "SHELL=/bin/sh" "COMPILER=mb-gcc" "ARCHIVER=mb-ar" "COMPILER_FLAGS=  -O2 -c -mcpu=v11.0 -mlittle-endian -mno-xl-soft-mul -mxl-barrel-shift -mxl-pattern-compare" "EXTRA_COMPILER_FLAGS=-ffunction-sections -fdata-sections -Wall -Wextra"
Running Make libs in microblaze_0/libsrc/tmrctr_v4_5/src
make -C microblaze_0/libsrc/tmrctr_v4_5/src -s libs  "SHELL=/bin/sh" "COMPILER=mb-gcc" "ARCHIVER=mb-ar" "COMPILER_FLAGS=  -O2 -c -mcpu=v11.0 -mlittle-endian -mno-xl-soft-mul -mxl-barrel-shift -mxl-pattern-compare" "EXTRA_COMPILER_FLAGS=-ffunction-sections -fdata-sections -Wall -Wextra"
Compiling tmrctr
Running Make libs in microblaze_0/libsrc/standalone_v6_8/src
make -C microblaze_0/libsrc/standalone_v6_8/src -s libs  "SHELL=/bin/sh" "COMPILER=mb-gcc" "ARCHIVER=mb-ar" "COMPILER_FLAGS=  -O2 -c -mcpu=v11.0 -mlittle-endian -mno-xl-soft-mul -mxl-barrel-shift -mxl-pattern-compare" "EXTRA_COMPILER_FLAGS=-ffunction-sections -fdata-sections -Wall -Wextra"
Compiling standalone
microblaze_sleep.c:77:9: note: #pragma message: For the sleep routines, assembly instructions are used
 #pragma message ("For the sleep routines, assembly instructions are used")
         ^~~~~~~
Running Make libs in microblaze_0/libsrc/ethernetcore_mm_v1_0/src
make -C microblaze_0/libsrc/ethernetcore_mm_v1_0/src -s libs  "SHELL=/bin/sh" "COMPILER=mb-gcc" "ARCHIVER=mb-ar" "COMPILER_FLAGS=  -O2 -c -mcpu=v11.0 -mlittle-endian -mno-xl-soft-mul -mxl-barrel-shift -mxl-pattern-compare" "EXTRA_COMPILER_FLAGS=-ffunction-sections -fdata-sections -Wall -Wextra"
Compiling ethernetcore_mm...
ethernetcore_mm_selftest.c: In function 'ETHERNETCORE_MM_Reg_SelfTest':
ethernetcore_mm_selftest.c:52:64: warning: comparison between signed and unsigned integer expressions [-Wsign-compare]
    if ( ETHERNETCORE_MM_mReadReg (baseaddr, read_loop_index*4) != (read_loop_index+1)*READ_WRITE_MUL_FACTOR){
                                                                ^~
ethernetcore_mm_selftest.c:36:6: warning: unused variable 'Index' [-Wunused-variable]
  int Index;
      ^~~~~
Running Make libs in microblaze_0/libsrc/uartlite_v3_2/src
make -C microblaze_0/libsrc/uartlite_v3_2/src -s libs  "SHELL=/bin/sh" "COMPILER=mb-gcc" "ARCHIVER=mb-ar" "COMPILER_FLAGS=  -O2 -c -mcpu=v11.0 -mlittle-endian -mno-xl-soft-mul -mxl-barrel-shift -mxl-pattern-compare" "EXTRA_COMPILER_FLAGS=-ffunction-sections -fdata-sections -Wall -Wextra"
Compiling uartlite
Running Make libs in microblaze_0/libsrc/bram_v4_2/src
make -C microblaze_0/libsrc/bram_v4_2/src -s libs  "SHELL=/bin/sh" "COMPILER=mb-gcc" "ARCHIVER=mb-ar" "COMPILER_FLAGS=  -O2 -c -mcpu=v11.0 -mlittle-endian -mno-xl-soft-mul -mxl-barrel-shift -mxl-pattern-compare" "EXTRA_COMPILER_FLAGS=-ffunction-sections -fdata-sections -Wall -Wextra"
Compiling bram
Running Make libs in microblaze_0/libsrc/cpu_v2_8/src
make -C microblaze_0/libsrc/cpu_v2_8/src -s libs  "SHELL=/bin/sh" "COMPILER=mb-gcc" "ARCHIVER=mb-ar" "COMPILER_FLAGS=  -O2 -c -mcpu=v11.0 -mlittle-endian -mno-xl-soft-mul -mxl-barrel-shift -mxl-pattern-compare" "EXTRA_COMPILER_FLAGS=-ffunction-sections -fdata-sections -Wall -Wextra"
Compiling cpu
Running Make libs in microblaze_0/libsrc/intc_v3_8/src
make -C microblaze_0/libsrc/intc_v3_8/src -s libs  "SHELL=/bin/sh" "COMPILER=mb-gcc" "ARCHIVER=mb-ar" "COMPILER_FLAGS=  -O2 -c -mcpu=v11.0 -mlittle-endian -mno-xl-soft-mul -mxl-barrel-shift -mxl-pattern-compare" "EXTRA_COMPILER_FLAGS=-ffunction-sections -fdata-sections -Wall -Wextra"
Compiling intc
Running Make libs in microblaze_0/libsrc/wdttb_v4_3/src
make -C microblaze_0/libsrc/wdttb_v4_3/src -s libs  "SHELL=/bin/sh" "COMPILER=mb-gcc" "ARCHIVER=mb-ar" "COMPILER_FLAGS=  -O2 -c -mcpu=v11.0 -mlittle-endian -mno-xl-soft-mul -mxl-barrel-shift -mxl-pattern-compare" "EXTRA_COMPILER_FLAGS=-ffunction-sections -fdata-sections -Wall -Wextra"
Compiling wdttb
In file included from xwdttb.h:169:0,
                 from xwdttb.c:83:
xwdttb.c: In function 'XWdtTb_ProgramWDTWidth':
../../../include/xil_assert.h:108:9: warning: 'return' with no value, in function returning non-void
         return;                                    \
         ^
xwdttb.c:1228:2: note: in expansion of macro 'Xil_AssertVoid'
  Xil_AssertVoid(InstancePtr != NULL);
  ^~~~~~~~~~~~~~
xwdttb.c:1225:5: note: declared here
 u32 XWdtTb_ProgramWDTWidth(XWdtTb *InstancePtr, u32 width)
     ^~~~~~~~~~~~~~~~~~~~~~
Finished building libraries
13:11:07 **** Auto Build of configuration Debug for project testharness ****
make all 
Building file: ../src/ethmacdriver_l.c
Invoking: MicroBlaze gcc compiler
mb-gcc -Wall -O0 -g3 -c -fmessage-length=0 -MT"src/ethmacdriver_l.o" -I../../testharness_bsp/microblaze_0/include -mlittle-endian -mxl-barrel-shift -mxl-pattern-compare -mcpu=v11.0 -mno-xl-soft-mul -Wl,--no-relax -ffunction-sections -fdata-sections -MMD -MP -MF"src/ethmacdriver_l.d" -MT"src/ethmacdriver_l.o" -o "src/ethmacdriver_l.o" "../src/ethmacdriver_l.c"
Finished building: ../src/ethmacdriver_l.c
 
Building file: ../src/platform.c
Invoking: MicroBlaze gcc compiler
mb-gcc -Wall -O0 -g3 -c -fmessage-length=0 -MT"src/platform.o" -I../../testharness_bsp/microblaze_0/include -mlittle-endian -mxl-barrel-shift -mxl-pattern-compare -mcpu=v11.0 -mno-xl-soft-mul -Wl,--no-relax -ffunction-sections -fdata-sections -MMD -MP -MF"src/platform.d" -MT"src/platform.o" -o "src/platform.o" "../src/platform.c"
Finished building: ../src/platform.c
 
Building file: ../src/testharness.c
Invoking: MicroBlaze gcc compiler
mb-gcc -Wall -O0 -g3 -c -fmessage-length=0 -MT"src/testharness.o" -I../../testharness_bsp/microblaze_0/include -mlittle-endian -mxl-barrel-shift -mxl-pattern-compare -mcpu=v11.0 -mno-xl-soft-mul -Wl,--no-relax -ffunction-sections -fdata-sections -MMD -MP -MF"src/testharness.d" -MT"src/testharness.o" -o "src/testharness.o" "../src/testharness.c"
Finished building: ../src/testharness.c
 
Building target: testharness.elf
Invoking: MicroBlaze gcc linker
mb-gcc -Wl,-T -Wl,../src/lscript.ld -L../../testharness_bsp/microblaze_0/lib -mlittle-endian -mxl-barrel-shift -mxl-pattern-compare -mcpu=v11.0 -mno-xl-soft-mul -Wl,--no-relax -Wl,--gc-sections -o "testharness.elf"  ./src/ethmacdriver_l.o ./src/platform.o ./src/testharness.o   -Wl,--start-group,-lxil,-lgcc,-lc,--end-group
Finished building target: testharness.elf
 
Invoking: MicroBlaze Print Size
mb-size testharness.elf  |tee "testharness.elf.size"
   text	   data	    bss	    dec	    hex	filename
  16484	    424	   3108	  20016	   4e30	testharness.elf
Finished building: testharness.elf.size
 
